Compiled from "ParserImpl.java"
public final class org.w3c.tidy.ParserImpl {
  private static final int MAX_NESTING_LEVEL;

  public static final org.w3c.tidy.Parser HTML;

  public static final org.w3c.tidy.Parser HEAD;

  public static final org.w3c.tidy.Parser TITLE;

  public static final org.w3c.tidy.Parser SCRIPT;

  public static final org.w3c.tidy.Parser BODY;

  public static final org.w3c.tidy.Parser FRAMESET;

  public static final org.w3c.tidy.Parser INLINE;

  public static final org.w3c.tidy.Parser LIST;

  public static final org.w3c.tidy.Parser DEFLIST;

  public static final org.w3c.tidy.Parser PRE;

  public static final org.w3c.tidy.Parser BLOCK;

  public static final org.w3c.tidy.Parser TABLETAG;

  public static final org.w3c.tidy.Parser COLGROUP;

  public static final org.w3c.tidy.Parser ROWGROUP;

  public static final org.w3c.tidy.Parser ROW;

  public static final org.w3c.tidy.Parser NOFRAMES;

  public static final org.w3c.tidy.Parser SELECT;

  public static final org.w3c.tidy.Parser TEXT;

  public static final org.w3c.tidy.Parser EMPTY;

  public static final org.w3c.tidy.Parser OPTGROUP;

  private org.w3c.tidy.ParserImpl();
    Code:
         0: aload_0
         1: invokespecial #1                  // Method java/lang/Object."<init>":()V
         4: return

  protected static void parseTag(org.w3c.tidy.Lexer, org.w3c.tidy.Node, short, int) throws org.w3c.tidy.ExcessiveNesting;
    Code:
         0: iload_3
         1: sipush        1000
         4: if_icmple     15
         7: new           #3                  // class org/w3c/tidy/ExcessiveNesting
        10: dup
        11: invokespecial #4                  // Method org/w3c/tidy/ExcessiveNesting."<init>":()V
        14: athrow
        15: aload_1
        16: getfield      #5                  // Field org/w3c/tidy/Node.tag:Lorg/w3c/tidy/Dict;
        19: getfield      #6                  // Field org/w3c/tidy/Dict.model:I
        22: iconst_1
        23: iand
        24: ifeq          35
        27: aload_0
        28: iconst_0
        29: putfield      #8                  // Field org/w3c/tidy/Lexer.waswhite:Z
        32: goto          53
        35: aload_1
        36: getfield      #5                  // Field org/w3c/tidy/Node.tag:Lorg/w3c/tidy/Dict;
        39: getfield      #6                  // Field org/w3c/tidy/Dict.model:I
        42: bipush        16
        44: iand
        45: ifne          53
        48: aload_0
        49: iconst_0
        50: putfield      #9                  // Field org/w3c/tidy/Lexer.insertspace:Z
        53: aload_1
        54: getfield      #5                  // Field org/w3c/tidy/Node.tag:Lorg/w3c/tidy/Dict;
        57: invokevirtual #10                 // Method org/w3c/tidy/Dict.getParser:()Lorg/w3c/tidy/Parser;
        60: ifnonnull     64
        63: return
        64: aload_1
        65: getfield      #11                 // Field org/w3c/tidy/Node.type:S
        68: bipush        7
        70: if_icmpne     79
        73: aload_0
        74: aload_1
        75: invokestatic  #13                 // Method org/w3c/tidy/Node.trimEmptyElement:(Lorg/w3c/tidy/Lexer;Lorg/w3c/tidy/Node;)V
        78: return
        79: aload_1
        80: getfield      #5                  // Field org/w3c/tidy/Node.tag:Lorg/w3c/tidy/Dict;
        83: invokevirtual #10                 // Method org/w3c/tidy/Dict.getParser:()Lorg/w3c/tidy/Parser;
        86: aload_0
        87: aload_1
        88: iload_2
        89: iload_3
        90: iconst_1
        91: iadd
        92: invokeinterface #14,  5           // InterfaceMethod org/w3c/tidy/Parser.parse:(Lorg/w3c/tidy/Lexer;Lorg/w3c/tidy/Node;SI)V
        97: return

  protected static void moveToHead(org.w3c.tidy.Lexer, org.w3c.tidy.Node, org.w3c.tidy.Node, int) throws org.w3c.tidy.ExcessiveNesting;
    Code:
         0: aload_2
         1: invokevirtual #15                 // Method org/w3c/tidy/Node.removeNode:()V
         4: aload_0
         5: getfield      #16                 // Field org/w3c/tidy/Lexer.configuration:Lorg/w3c/tidy/Configuration;
         8: getfield      #17                 // Field org/w3c/tidy/Configuration.tt:Lorg/w3c/tidy/TagTable;
        11: astore        5
        13: aload_2
        14: getfield      #11                 // Field org/w3c/tidy/Node.type:S
        17: iconst_5
        18: if_icmpeq     30
        21: aload_2
        22: getfield      #11                 // Field org/w3c/tidy/Node.type:S
        25: bipush        7
        27: if_icmpne     125
        30: aload_0
        31: getfield      #18                 // Field org/w3c/tidy/Lexer.report:Lorg/w3c/tidy/Report;
        34: aload_0
        35: aload_1
        36: aload_2
        37: bipush        11
        39: invokevirtual #20                 // Method org/w3c/tidy/Report.warning:(Lorg/w3c/tidy/Lexer;Lorg/w3c/tidy/Node;Lorg/w3c/tidy/Node;S)V
        42: aload_1
        43: getfield      #5                  // Field org/w3c/tidy/Node.tag:Lorg/w3c/tidy/Dict;
        46: aload         5
        48: getfield      #21                 // Field org/w3c/tidy/TagTable.tagHtml:Lorg/w3c/tidy/Dict;
        51: if_acmpeq     62
        54: aload_1
        55: getfield      #22                 // Field org/w3c/tidy/Node.parent:Lorg/w3c/tidy/Node;
        58: astore_1
        59: goto          42
        62: aload_1
        63: getfield      #23                 // Field org/w3c/tidy/Node.content:Lorg/w3c/tidy/Node;
        66: astore        4
        68: aload         4
        70: ifnull        105
        73: aload         4
        75: getfield      #5                  // Field org/w3c/tidy/Node.tag:Lorg/w3c/tidy/Dict;
        78: aload         5
        80: getfield      #24                 // Field org/w3c/tidy/TagTable.tagHead:Lorg/w3c/tidy/Dict;
        83: if_acmpne     95
        86: aload         4
        88: aload_2
        89: invokevirtual #25                 // Method org/w3c/tidy/Node.insertNodeAtEnd:(Lorg/w3c/tidy/Node;)V
        92: goto          105
        95: aload         4
        97: getfield      #26                 // Field org/w3c/tidy/Node.next:Lorg/w3c/tidy/Node;
       100: astore        4
       102: goto          68
       105: aload_2
       106: getfield      #5                  // Field org/w3c/tidy/Node.tag:Lorg/w3c/tidy/Dict;
       109: invokevirtual #10                 // Method org/w3c/tidy/Dict.getParser:()Lorg/w3c/tidy/Parser;
       112: ifnull        137
       115: aload_0
       116: aload_2
       117: iconst_0
       118: iload_3
       119: invokestatic  #28                 // Method parseTag:(Lorg/w3c/tidy/Lexer;Lorg/w3c/tidy/Node;SI)V
       122: goto          137
       125: aload_0
       126: getfield      #18                 // Field org/w3c/tidy/Lexer.report:Lorg/w3c/tidy/Report;
       129: aload_0
       130: aload_1
       131: aload_2
       132: bipush        8
       134: invokevirtual #20                 // Method org/w3c/tidy/Report.warning:(Lorg/w3c/tidy/Lexer;Lorg/w3c/tidy/Node;Lorg/w3c/tidy/Node;S)V
       137: return

  static void moveNodeToBody(org.w3c.tidy.Lexer, org.w3c.tidy.Node);
    Code:
         0: aload_1
         1: invokevirtual #15                 // Method org/w3c/tidy/Node.removeNode:()V
         4: aload_0
         5: getfield      #29                 // Field org/w3c/tidy/Lexer.root:Lorg/w3c/tidy/Node;
         8: aload_0
         9: getfield      #16                 // Field org/w3c/tidy/Lexer.configuration:Lorg/w3c/tidy/Configuration;
        12: getfield      #17                 // Field org/w3c/tidy/Configuration.tt:Lorg/w3c/tidy/TagTable;
        15: invokevirtual #30                 // Method org/w3c/tidy/Node.findBody:(Lorg/w3c/tidy/TagTable;)Lorg/w3c/tidy/Node;
        18: astore_2
        19: aload_2
        20: aload_1
        21: invokevirtual #25                 // Method org/w3c/tidy/Node.insertNodeAtEnd:(Lorg/w3c/tidy/Node;)V
        24: return

  public static org.w3c.tidy.Node parseDocument(org.w3c.tidy.Lexer);
    Code:
         0: aconst_null
         1: astore        4
         3: aload_0
         4: getfield      #16                 // Field org/w3c/tidy/Lexer.configuration:Lorg/w3c/tidy/Configuration;
         7: getfield      #17                 // Field org/w3c/tidy/Configuration.tt:Lorg/w3c/tidy/TagTable;
        10: astore        5
        12: aload_0
        13: invokevirtual #31                 // Method org/w3c/tidy/Lexer.newNode:()Lorg/w3c/tidy/Node;
        16: astore_2
        17: aload_2
        18: iconst_0
        19: putfield      #11                 // Field org/w3c/tidy/Node.type:S
        22: aload_0
        23: aload_2
        24: putfield      #29                 // Field org/w3c/tidy/Lexer.root:Lorg/w3c/tidy/Node;
        27: aload_0
        28: iconst_0
        29: invokevirtual #32                 // Method org/w3c/tidy/Lexer.getToken:(S)Lorg/w3c/tidy/Node;
        32: dup
        33: astore_1
        34: ifnull        213
        37: aload_2
        38: aload_1
        39: invokestatic  #33                 // Method org/w3c/tidy/Node.insertMisc:(Lorg/w3c/tidy/Node;Lorg/w3c/tidy/Node;)Z
        42: ifeq          48
        45: goto          27
        48: aload_1
        49: getfield      #11                 // Field org/w3c/tidy/Node.type:S
        52: iconst_1
        53: if_icmpne     87
        56: aload         4
        58: ifnonnull     72
        61: aload_2
        62: aload_1
        63: invokevirtual #25                 // Method org/w3c/tidy/Node.insertNodeAtEnd:(Lorg/w3c/tidy/Node;)V
        66: aload_1
        67: astore        4
        69: goto          27
        72: aload_0
        73: getfield      #18                 // Field org/w3c/tidy/Lexer.report:Lorg/w3c/tidy/Report;
        76: aload_0
        77: aload_2
        78: aload_1
        79: bipush        8
        81: invokevirtual #20                 // Method org/w3c/tidy/Report.warning:(Lorg/w3c/tidy/Lexer;Lorg/w3c/tidy/Node;Lorg/w3c/tidy/Node;S)V
        84: goto          27
        87: aload_1
        88: getfield      #11                 // Field org/w3c/tidy/Node.type:S
        91: bipush        6
        93: if_icmpne     111
        96: aload_0
        97: getfield      #18                 // Field org/w3c/tidy/Lexer.report:Lorg/w3c/tidy/Report;
       100: aload_0
       101: aload_2
       102: aload_1
       103: bipush        8
       105: invokevirtual #20                 // Method org/w3c/tidy/Report.warning:(Lorg/w3c/tidy/Lexer;Lorg/w3c/tidy/Node;Lorg/w3c/tidy/Node;S)V
       108: goto          27
       111: aload_1
       112: getfield      #11                 // Field org/w3c/tidy/Node.type:S
       115: iconst_5
       116: if_icmpne     131
       119: aload_1
       120: getfield      #5                  // Field org/w3c/tidy/Node.tag:Lorg/w3c/tidy/Dict;
       123: aload         5
       125: getfield      #21                 // Field org/w3c/tidy/TagTable.tagHtml:Lorg/w3c/tidy/Dict;
       128: if_acmpeq     145
       131: aload_0
       132: invokevirtual #34                 // Method org/w3c/tidy/Lexer.ungetToken:()V
       135: aload_0
       136: ldc           #35                 // String html
       138: invokevirtual #36                 // Method org/w3c/tidy/Lexer.inferredTag:(Ljava/lang/String;)Lorg/w3c/tidy/Node;
       141: astore_3
       142: goto          147
       145: aload_1
       146: astore_3
       147: aload_2
       148: invokevirtual #37                 // Method org/w3c/tidy/Node.findDocType:()Lorg/w3c/tidy/Node;
       151: ifnonnull     176
       154: aload_0
       155: getfield      #16                 // Field org/w3c/tidy/Lexer.configuration:Lorg/w3c/tidy/Configuration;
       158: getfield      #38                 // Field org/w3c/tidy/Configuration.bodyOnly:Z
       161: ifne          176
       164: aload_0
       165: getfield      #18                 // Field org/w3c/tidy/Lexer.report:Lorg/w3c/tidy/Report;
       168: aload_0
       169: aconst_null
       170: aconst_null
       171: bipush        44
       173: invokevirtual #20                 // Method org/w3c/tidy/Report.warning:(Lorg/w3c/tidy/Lexer;Lorg/w3c/tidy/Node;Lorg/w3c/tidy/Node;S)V
       176: aload_2
       177: aload_3
       178: invokevirtual #25                 // Method org/w3c/tidy/Node.insertNodeAtEnd:(Lorg/w3c/tidy/Node;)V
       181: getstatic     #39                 // Field HTML:Lorg/w3c/tidy/Parser;
       184: aload_0
       185: aload_3
       186: iconst_0
       187: iconst_0
       188: invokeinterface #14,  5           // InterfaceMethod org/w3c/tidy/Parser.parse:(Lorg/w3c/tidy/Lexer;Lorg/w3c/tidy/Node;SI)V
       193: goto          213
       196: astore        6
       198: aload_0
       199: getfield      #18                 // Field org/w3c/tidy/Lexer.report:Lorg/w3c/tidy/Report;
       202: aload_0
       203: aconst_null
       204: aload_1
       205: bipush        48
       207: invokevirtual #40                 // Method org/w3c/tidy/Report.error:(Lorg/w3c/tidy/Lexer;Lorg/w3c/tidy/Node;Lorg/w3c/tidy/Node;S)V
       210: goto          213
       213: aload_0
       214: getfield      #29                 // Field org/w3c/tidy/Lexer.root:Lorg/w3c/tidy/Node;
       217: aload_0
       218: getfield      #16                 // Field org/w3c/tidy/Lexer.configuration:Lorg/w3c/tidy/Configuration;
       221: getfield      #17                 // Field org/w3c/tidy/Configuration.tt:Lorg/w3c/tidy/TagTable;
       224: invokevirtual #41                 // Method org/w3c/tidy/Node.findHTML:(Lorg/w3c/tidy/TagTable;)Lorg/w3c/tidy/Node;
       227: ifnonnull     274
       230: aload_0
       231: ldc           #35                 // String html
       233: invokevirtual #36                 // Method org/w3c/tidy/Lexer.inferredTag:(Ljava/lang/String;)Lorg/w3c/tidy/Node;
       236: astore_3
       237: aload_0
       238: getfield      #29                 // Field org/w3c/tidy/Lexer.root:Lorg/w3c/tidy/Node;
       241: aload_3
       242: invokevirtual #25                 // Method org/w3c/tidy/Node.insertNodeAtEnd:(Lorg/w3c/tidy/Node;)V
       245: getstatic     #39                 // Field HTML:Lorg/w3c/tidy/Parser;
       248: aload_0
       249: aload_3
       250: iconst_0
       251: iconst_0
       252: invokeinterface #14,  5           // InterfaceMethod org/w3c/tidy/Parser.parse:(Lorg/w3c/tidy/Lexer;Lorg/w3c/tidy/Node;SI)V
       257: goto          274
       260: astore        6
       262: aload_0
       263: getfield      #18                 // Field org/w3c/tidy/Lexer.report:Lorg/w3c/tidy/Report;
       266: aload_0
       267: aconst_null
       268: aload_1
       269: bipush        48
       271: invokevirtual #40                 // Method org/w3c/tidy/Report.error:(Lorg/w3c/tidy/Lexer;Lorg/w3c/tidy/Node;Lorg/w3c/tidy/Node;S)V
       274: aload_0
       275: getfield      #29                 // Field org/w3c/tidy/Lexer.root:Lorg/w3c/tidy/Node;
       278: aload_0
       279: getfield      #16                 // Field org/w3c/tidy/Lexer.configuration:Lorg/w3c/tidy/Configuration;
       282: getfield      #17                 // Field org/w3c/tidy/Configuration.tt:Lorg/w3c/tidy/TagTable;
       285: invokevirtual #42                 // Method org/w3c/tidy/Node.findTITLE:(Lorg/w3c/tidy/TagTable;)Lorg/w3c/tidy/Node;
       288: ifnonnull     331
       291: aload_0
       292: getfield      #29                 // Field org/w3c/tidy/Lexer.root:Lorg/w3c/tidy/Node;
       295: aload_0
       296: getfield      #16                 // Field org/w3c/tidy/Lexer.configuration:Lorg/w3c/tidy/Configuration;
       299: getfield      #17                 // Field org/w3c/tidy/Configuration.tt:Lorg/w3c/tidy/TagTable;
       302: invokevirtual #43                 // Method org/w3c/tidy/Node.findHEAD:(Lorg/w3c/tidy/TagTable;)Lorg/w3c/tidy/Node;
       305: astore        6
       307: aload_0
       308: getfield      #18                 // Field org/w3c/tidy/Lexer.report:Lorg/w3c/tidy/Report;
       311: aload_0
       312: aload         6
       314: aconst_null
       315: bipush        17
       317: invokevirtual #20                 // Method org/w3c/tidy/Report.warning:(Lorg/w3c/tidy/Lexer;Lorg/w3c/tidy/Node;Lorg/w3c/tidy/Node;S)V
       320: aload         6
       322: aload_0
       323: ldc           #44                 // String title
       325: invokevirtual #36                 // Method org/w3c/tidy/Lexer.inferredTag:(Ljava/lang/String;)Lorg/w3c/tidy/Node;
       328: invokevirtual #25                 // Method org/w3c/tidy/Node.insertNodeAtEnd:(Lorg/w3c/tidy/Node;)V
       331: aload_2
       332: areturn
      Exception table:
         from    to  target type
           181   193   196   Class org/w3c/tidy/ExcessiveNesting
           245   257   260   Class org/w3c/tidy/ExcessiveNesting

  public static boolean XMLPreserveWhiteSpace(org.w3c.tidy.Node, org.w3c.tidy.TagTable);
    Code:
         0: aload_0
         1: getfield      #45                 // Field org/w3c/tidy/Node.attributes:Lorg/w3c/tidy/AttVal;
         4: astore_2
         5: aload_2
         6: ifnull        39
         9: ldc           #46                 // String xml:space
        11: aload_2
        12: getfield      #47                 // Field org/w3c/tidy/AttVal.attribute:Ljava/lang/String;
        15: invokevirtual #48                 // Method java/lang/String.equals:(Ljava/lang/Object;)Z
        18: ifeq          31
        21: ldc           #49                 // String preserve
        23: aload_2
        24: getfield      #50                 // Field org/w3c/tidy/AttVal.value:Ljava/lang/String;
        27: invokevirtual #48                 // Method java/lang/String.equals:(Ljava/lang/Object;)Z
        30: ireturn
        31: aload_2
        32: getfield      #51                 // Field org/w3c/tidy/AttVal.next:Lorg/w3c/tidy/AttVal;
        35: astore_2
        36: goto          5
        39: aload_0
        40: getfield      #52                 // Field org/w3c/tidy/Node.element:Ljava/lang/String;
        43: ifnonnull     48
        46: iconst_0
        47: ireturn
        48: ldc           #53                 // String pre
        50: aload_0
        51: getfield      #52                 // Field org/w3c/tidy/Node.element:Ljava/lang/String;
        54: invokevirtual #54                 // Method java/lang/String.equalsIgnoreCase:(Ljava/lang/String;)Z
        57: ifne          84
        60: ldc           #55                 // String script
        62: aload_0
        63: getfield      #52                 // Field org/w3c/tidy/Node.element:Ljava/lang/String;
        66: invokevirtual #54                 // Method java/lang/String.equalsIgnoreCase:(Ljava/lang/String;)Z
        69: ifne          84
        72: ldc           #56                 // String style
        74: aload_0
        75: getfield      #52                 // Field org/w3c/tidy/Node.element:Ljava/lang/String;
        78: invokevirtual #54                 // Method java/lang/String.equalsIgnoreCase:(Ljava/lang/String;)Z
        81: ifeq          86
        84: iconst_1
        85: ireturn
        86: aload_1
        87: ifnull        103
        90: aload_1
        91: aload_0
        92: invokevirtual #57                 // Method org/w3c/tidy/TagTable.findParser:(Lorg/w3c/tidy/Node;)Lorg/w3c/tidy/Parser;
        95: getstatic     #58                 // Field PRE:Lorg/w3c/tidy/Parser;
        98: if_acmpne     103
       101: iconst_1
       102: ireturn
       103: ldc           #59                 // String xsl:text
       105: aload_0
       106: getfield      #52                 // Field org/w3c/tidy/Node.element:Ljava/lang/String;
       109: invokevirtual #54                 // Method java/lang/String.equalsIgnoreCase:(Ljava/lang/String;)Z
       112: ireturn

  public static void parseXMLElement(org.w3c.tidy.Lexer, org.w3c.tidy.Node, short);
    Code:
         0: aload_1
         1: aload_0
         2: getfield      #16                 // Field org/w3c/tidy/Lexer.configuration:Lorg/w3c/tidy/Configuration;
         5: getfield      #17                 // Field org/w3c/tidy/Configuration.tt:Lorg/w3c/tidy/TagTable;
         8: invokestatic  #60                 // Method XMLPreserveWhiteSpace:(Lorg/w3c/tidy/Node;Lorg/w3c/tidy/TagTable;)Z
        11: ifeq          16
        14: iconst_2
        15: istore_2
        16: aload_0
        17: iload_2
        18: invokevirtual #32                 // Method org/w3c/tidy/Lexer.getToken:(S)Lorg/w3c/tidy/Node;
        21: dup
        22: astore_3
        23: ifnull        103
        26: aload_3
        27: getfield      #11                 // Field org/w3c/tidy/Node.type:S
        30: bipush        6
        32: if_icmpne     57
        35: aload_3
        36: getfield      #52                 // Field org/w3c/tidy/Node.element:Ljava/lang/String;
        39: aload_1
        40: getfield      #52                 // Field org/w3c/tidy/Node.element:Ljava/lang/String;
        43: invokevirtual #48                 // Method java/lang/String.equals:(Ljava/lang/Object;)Z
        46: ifeq          57
        49: aload_1
        50: iconst_1
        51: putfield      #61                 // Field org/w3c/tidy/Node.closed:Z
        54: goto          103
        57: aload_3
        58: getfield      #11                 // Field org/w3c/tidy/Node.type:S
        61: bipush        6
        63: if_icmpne     81
        66: aload_0
        67: getfield      #18                 // Field org/w3c/tidy/Lexer.report:Lorg/w3c/tidy/Report;
        70: aload_0
        71: aload_1
        72: aload_3
        73: bipush        13
        75: invokevirtual #40                 // Method org/w3c/tidy/Report.error:(Lorg/w3c/tidy/Lexer;Lorg/w3c/tidy/Node;Lorg/w3c/tidy/Node;S)V
        78: goto          16
        81: aload_3
        82: getfield      #11                 // Field org/w3c/tidy/Node.type:S
        85: iconst_5
        86: if_icmpne     95
        89: aload_0
        90: aload_3
        91: iload_2
        92: invokestatic  #62                 // Method parseXMLElement:(Lorg/w3c/tidy/Lexer;Lorg/w3c/tidy/Node;S)V
        95: aload_1
        96: aload_3
        97: invokevirtual #25                 // Method org/w3c/tidy/Node.insertNodeAtEnd:(Lorg/w3c/tidy/Node;)V
       100: goto          16
       103: aload_1
       104: getfield      #23                 // Field org/w3c/tidy/Node.content:Lorg/w3c/tidy/Node;
       107: astore_3
       108: aload_3
       109: ifnull        165
       112: aload_3
       113: getfield      #11                 // Field org/w3c/tidy/Node.type:S
       116: iconst_4
       117: if_icmpne     165
       120: iload_2
       121: iconst_2
       122: if_icmpeq     165
       125: aload_3
       126: getfield      #63                 // Field org/w3c/tidy/Node.textarray:[B
       129: aload_3
       130: getfield      #64                 // Field org/w3c/tidy/Node.start:I
       133: baload
       134: bipush        32
       136: if_icmpne     165
       139: aload_3
       140: dup
       141: getfield      #64                 // Field org/w3c/tidy/Node.start:I
       144: iconst_1
       145: iadd
       146: putfield      #64                 // Field org/w3c/tidy/Node.start:I
       149: aload_3
       150: getfield      #64                 // Field org/w3c/tidy/Node.start:I
       153: aload_3
       154: getfield      #65                 // Field org/w3c/tidy/Node.end:I
       157: if_icmplt     165
       160: aload_3
       161: invokestatic  #66                 // Method org/w3c/tidy/Node.discardElement:(Lorg/w3c/tidy/Node;)Lorg/w3c/tidy/Node;
       164: pop
       165: aload_1
       166: getfield      #67                 // Field org/w3c/tidy/Node.last:Lorg/w3c/tidy/Node;
       169: astore_3
       170: aload_3
       171: ifnull        229
       174: aload_3
       175: getfield      #11                 // Field org/w3c/tidy/Node.type:S
       178: iconst_4
       179: if_icmpne     229
       182: iload_2
       183: iconst_2
       184: if_icmpeq     229
       187: aload_3
       188: getfield      #63                 // Field org/w3c/tidy/Node.textarray:[B
       191: aload_3
       192: getfield      #65                 // Field org/w3c/tidy/Node.end:I
       195: iconst_1
       196: isub
       197: baload
       198: bipush        32
       200: if_icmpne     229
       203: aload_3
       204: dup
       205: getfield      #65                 // Field org/w3c/tidy/Node.end:I
       208: iconst_1
       209: isub
       210: putfield      #65                 // Field org/w3c/tidy/Node.end:I
       213: aload_3
       214: getfield      #64                 // Field org/w3c/tidy/Node.start:I
       217: aload_3
       218: getfield      #65                 // Field org/w3c/tidy/Node.end:I
       221: if_icmplt     229
       224: aload_3
       225: invokestatic  #66                 // Method org/w3c/tidy/Node.discardElement:(Lorg/w3c/tidy/Node;)Lorg/w3c/tidy/Node;
       228: pop
       229: return

  public static org.w3c.tidy.Node parseXMLDocument(org.w3c.tidy.Lexer);
    Code:
         0: aload_0
         1: invokevirtual #31                 // Method org/w3c/tidy/Lexer.newNode:()Lorg/w3c/tidy/Node;
         4: astore_2
         5: aload_2
         6: iconst_0
         7: putfield      #11                 // Field org/w3c/tidy/Node.type:S
        10: aconst_null
        11: astore_3
        12: aload_0
        13: getfield      #16                 // Field org/w3c/tidy/Lexer.configuration:Lorg/w3c/tidy/Configuration;
        16: iconst_1
        17: putfield      #68                 // Field org/w3c/tidy/Configuration.xmlTags:Z
        20: aload_0
        21: iconst_0
        22: invokevirtual #32                 // Method org/w3c/tidy/Lexer.getToken:(S)Lorg/w3c/tidy/Node;
        25: dup
        26: astore_1
        27: ifnull        141
        30: aload_1
        31: getfield      #11                 // Field org/w3c/tidy/Node.type:S
        34: bipush        6
        36: if_icmpne     54
        39: aload_0
        40: getfield      #18                 // Field org/w3c/tidy/Lexer.report:Lorg/w3c/tidy/Report;
        43: aload_0
        44: aconst_null
        45: aload_1
        46: bipush        13
        48: invokevirtual #20                 // Method org/w3c/tidy/Report.warning:(Lorg/w3c/tidy/Lexer;Lorg/w3c/tidy/Node;Lorg/w3c/tidy/Node;S)V
        51: goto          20
        54: aload_2
        55: aload_1
        56: invokestatic  #33                 // Method org/w3c/tidy/Node.insertMisc:(Lorg/w3c/tidy/Node;Lorg/w3c/tidy/Node;)Z
        59: ifeq          65
        62: goto          20
        65: aload_1
        66: getfield      #11                 // Field org/w3c/tidy/Node.type:S
        69: iconst_1
        70: if_icmpne     102
        73: aload_3
        74: ifnonnull     87
        77: aload_2
        78: aload_1
        79: invokevirtual #25                 // Method org/w3c/tidy/Node.insertNodeAtEnd:(Lorg/w3c/tidy/Node;)V
        82: aload_1
        83: astore_3
        84: goto          20
        87: aload_0
        88: getfield      #18                 // Field org/w3c/tidy/Lexer.report:Lorg/w3c/tidy/Report;
        91: aload_0
        92: aload_2
        93: aload_1
        94: bipush        8
        96: invokevirtual #20                 // Method org/w3c/tidy/Report.warning:(Lorg/w3c/tidy/Lexer;Lorg/w3c/tidy/Node;Lorg/w3c/tidy/Node;S)V
        99: goto          20
       102: aload_1
       103: getfield      #11                 // Field org/w3c/tidy/Node.type:S
       106: bipush        7
       108: if_icmpne     119
       111: aload_2
       112: aload_1
       113: invokevirtual #25                 // Method org/w3c/tidy/Node.insertNodeAtEnd:(Lorg/w3c/tidy/Node;)V
       116: goto          20
       119: aload_1
       120: getfield      #11                 // Field org/w3c/tidy/Node.type:S
       123: iconst_5
       124: if_icmpne     20
       127: aload_2
       128: aload_1
       129: invokevirtual #25                 // Method org/w3c/tidy/Node.insertNodeAtEnd:(Lorg/w3c/tidy/Node;)V
       132: aload_0
       133: aload_1
       134: iconst_0
       135: invokestatic  #62                 // Method parseXMLElement:(Lorg/w3c/tidy/Lexer;Lorg/w3c/tidy/Node;S)V
       138: goto          20
       141: aload_3
       142: ifnull        165
       145: aload_0
       146: aload_3
       147: invokevirtual #69                 // Method org/w3c/tidy/Lexer.checkDocTypeKeyWords:(Lorg/w3c/tidy/Node;)Z
       150: ifne          165
       153: aload_0
       154: getfield      #18                 // Field org/w3c/tidy/Lexer.report:Lorg/w3c/tidy/Report;
       157: aload_0
       158: aload_3
       159: aconst_null
       160: bipush        37
       162: invokevirtual #20                 // Method org/w3c/tidy/Report.warning:(Lorg/w3c/tidy/Lexer;Lorg/w3c/tidy/Node;Lorg/w3c/tidy/Node;S)V
       165: aload_0
       166: getfield      #16                 // Field org/w3c/tidy/Lexer.configuration:Lorg/w3c/tidy/Configuration;
       169: getfield      #70                 // Field org/w3c/tidy/Configuration.xmlPi:Z
       172: ifeq          181
       175: aload_0
       176: aload_2
       177: invokevirtual #71                 // Method org/w3c/tidy/Lexer.fixXmlDecl:(Lorg/w3c/tidy/Node;)Z
       180: pop
       181: aload_2
       182: areturn

  static void badForm(org.w3c.tidy.Lexer);
    Code:
         0: aload_0
         1: iconst_1
         2: putfield      #72                 // Field org/w3c/tidy/Lexer.badForm:S
         5: aload_0
         6: dup
         7: getfield      #73                 // Field org/w3c/tidy/Lexer.errors:S
        10: iconst_1
        11: iadd
        12: i2s
        13: putfield      #73                 // Field org/w3c/tidy/Lexer.errors:S
        16: return

  static {};
    Code:
         0: new           #74                 // class org/w3c/tidy/ParserImpl$ParseHTML
         3: dup
         4: invokespecial #75                 // Method org/w3c/tidy/ParserImpl$ParseHTML."<init>":()V
         7: putstatic     #39                 // Field HTML:Lorg/w3c/tidy/Parser;
        10: new           #76                 // class org/w3c/tidy/ParserImpl$ParseHead
        13: dup
        14: invokespecial #77                 // Method org/w3c/tidy/ParserImpl$ParseHead."<init>":()V
        17: putstatic     #78                 // Field HEAD:Lorg/w3c/tidy/Parser;
        20: new           #79                 // class org/w3c/tidy/ParserImpl$ParseTitle
        23: dup
        24: invokespecial #80                 // Method org/w3c/tidy/ParserImpl$ParseTitle."<init>":()V
        27: putstatic     #81                 // Field TITLE:Lorg/w3c/tidy/Parser;
        30: new           #82                 // class org/w3c/tidy/ParserImpl$ParseScript
        33: dup
        34: invokespecial #83                 // Method org/w3c/tidy/ParserImpl$ParseScript."<init>":()V
        37: putstatic     #84                 // Field SCRIPT:Lorg/w3c/tidy/Parser;
        40: new           #85                 // class org/w3c/tidy/ParserImpl$ParseBody
        43: dup
        44: invokespecial #86                 // Method org/w3c/tidy/ParserImpl$ParseBody."<init>":()V
        47: putstatic     #87                 // Field BODY:Lorg/w3c/tidy/Parser;
        50: new           #88                 // class org/w3c/tidy/ParserImpl$ParseFrameSet
        53: dup
        54: invokespecial #89                 // Method org/w3c/tidy/ParserImpl$ParseFrameSet."<init>":()V
        57: putstatic     #90                 // Field FRAMESET:Lorg/w3c/tidy/Parser;
        60: new           #91                 // class org/w3c/tidy/ParserImpl$ParseInline
        63: dup
        64: invokespecial #92                 // Method org/w3c/tidy/ParserImpl$ParseInline."<init>":()V
        67: putstatic     #93                 // Field INLINE:Lorg/w3c/tidy/Parser;
        70: new           #94                 // class org/w3c/tidy/ParserImpl$ParseList
        73: dup
        74: invokespecial #95                 // Method org/w3c/tidy/ParserImpl$ParseList."<init>":()V
        77: putstatic     #96                 // Field LIST:Lorg/w3c/tidy/Parser;
        80: new           #97                 // class org/w3c/tidy/ParserImpl$ParseDefList
        83: dup
        84: invokespecial #98                 // Method org/w3c/tidy/ParserImpl$ParseDefList."<init>":()V
        87: putstatic     #99                 // Field DEFLIST:Lorg/w3c/tidy/Parser;
        90: new           #100                // class org/w3c/tidy/ParserImpl$ParsePre
        93: dup
        94: invokespecial #101                // Method org/w3c/tidy/ParserImpl$ParsePre."<init>":()V
        97: putstatic     #58                 // Field PRE:Lorg/w3c/tidy/Parser;
       100: new           #102                // class org/w3c/tidy/ParserImpl$ParseBlock
       103: dup
       104: invokespecial #103                // Method org/w3c/tidy/ParserImpl$ParseBlock."<init>":()V
       107: putstatic     #104                // Field BLOCK:Lorg/w3c/tidy/Parser;
       110: new           #105                // class org/w3c/tidy/ParserImpl$ParseTableTag
       113: dup
       114: invokespecial #106                // Method org/w3c/tidy/ParserImpl$ParseTableTag."<init>":()V
       117: putstatic     #107                // Field TABLETAG:Lorg/w3c/tidy/Parser;
       120: new           #108                // class org/w3c/tidy/ParserImpl$ParseColGroup
       123: dup
       124: invokespecial #109                // Method org/w3c/tidy/ParserImpl$ParseColGroup."<init>":()V
       127: putstatic     #110                // Field COLGROUP:Lorg/w3c/tidy/Parser;
       130: new           #111                // class org/w3c/tidy/ParserImpl$ParseRowGroup
       133: dup
       134: invokespecial #112                // Method org/w3c/tidy/ParserImpl$ParseRowGroup."<init>":()V
       137: putstatic     #113                // Field ROWGROUP:Lorg/w3c/tidy/Parser;
       140: new           #114                // class org/w3c/tidy/ParserImpl$ParseRow
       143: dup
       144: invokespecial #115                // Method org/w3c/tidy/ParserImpl$ParseRow."<init>":()V
       147: putstatic     #116                // Field ROW:Lorg/w3c/tidy/Parser;
       150: new           #117                // class org/w3c/tidy/ParserImpl$ParseNoFrames
       153: dup
       154: invokespecial #118                // Method org/w3c/tidy/ParserImpl$ParseNoFrames."<init>":()V
       157: putstatic     #119                // Field NOFRAMES:Lorg/w3c/tidy/Parser;
       160: new           #120                // class org/w3c/tidy/ParserImpl$ParseSelect
       163: dup
       164: invokespecial #121                // Method org/w3c/tidy/ParserImpl$ParseSelect."<init>":()V
       167: putstatic     #122                // Field SELECT:Lorg/w3c/tidy/Parser;
       170: new           #123                // class org/w3c/tidy/ParserImpl$ParseText
       173: dup
       174: invokespecial #124                // Method org/w3c/tidy/ParserImpl$ParseText."<init>":()V
       177: putstatic     #125                // Field TEXT:Lorg/w3c/tidy/Parser;
       180: new           #126                // class org/w3c/tidy/ParserImpl$ParseEmpty
       183: dup
       184: invokespecial #127                // Method org/w3c/tidy/ParserImpl$ParseEmpty."<init>":()V
       187: putstatic     #128                // Field EMPTY:Lorg/w3c/tidy/Parser;
       190: new           #129                // class org/w3c/tidy/ParserImpl$ParseOptGroup
       193: dup
       194: invokespecial #130                // Method org/w3c/tidy/ParserImpl$ParseOptGroup."<init>":()V
       197: putstatic     #131                // Field OPTGROUP:Lorg/w3c/tidy/Parser;
       200: return
}
