Unable to find image 'aquasec/trivy@sha256:62b1e65e8869bc4b4c6aa4fa2b21595256c7c2f6018a9d9ad61caf87187c1969' locally
docker.io/aquasec/trivy@sha256:62b1e65e8869bc4b4c6aa4fa2b21595256c7c2f6018a9d9ad61caf87187c1969: Pulling from aquasec/trivy
55afa1ecc21d: Already exists
0c664a59f299: Pulling fs layer
9b17763e725d: Pulling fs layer
99f1ca71a2b5: Pulling fs layer
99f1ca71a2b5: Download complete
0c664a59f299: Verifying Checksum
0c664a59f299: Download complete
9b17763e725d: Verifying Checksum
9b17763e725d: Download complete
0c664a59f299: Pull complete
9b17763e725d: Pull complete
99f1ca71a2b5: Pull complete
Digest: sha256:62b1e65e8869bc4b4c6aa4fa2b21595256c7c2f6018a9d9ad61caf87187c1969
Status: Downloaded newer image for aquasec/trivy@sha256:62b1e65e8869bc4b4c6aa4fa2b21595256c7c2f6018a9d9ad61caf87187c1969
2026-09-08T02:32:03Z	INFO	[vulndb] Need to update DB
2026-09-08T02:32:03Z	INFO	[vulndb] Downloading vulnerability DB...
2026-09-08T02:32:03Z	INFO	[vulndb] Downloading artifact...	repo="mirror.gcr.io/aquasec/trivy-db:2"
6.49 MiB / 112.17 MiB [--->__________________________________________________________] 5.79% ? p/s ?46.38 MiB / 112.17 MiB [------------------------>___________________________________] 41.35% ? p/s ?89.43 MiB / 112.17 MiB [----------------------------------------------->____________] 79.72% ? p/s ?112.17 MiB / 112.17 MiB [------------------------------------------->] 100.00% 175.88 MiB p/s ETA 0s112.17 MiB / 112.17 MiB [------------------------------------------->] 100.00% 175.88 MiB p/s ETA 0s112.17 MiB / 112.17 MiB [------------------------------------------->] 100.00% 175.88 MiB p/s ETA 0s112.17 MiB / 112.17 MiB [------------------------------------------->] 100.00% 164.54 MiB p/s ETA 0s112.17 MiB / 112.17 MiB [------------------------------------------->] 100.00% 164.54 MiB p/s ETA 0s112.17 MiB / 112.17 MiB [------------------------------------------->] 100.00% 164.54 MiB p/s ETA 0s112.17 MiB / 112.17 MiB [------------------------------------------->] 100.00% 153.92 MiB p/s ETA 0s112.17 MiB / 112.17 MiB [------------------------------------------->] 100.00% 153.92 MiB p/s ETA 0s112.17 MiB / 112.17 MiB [------------------------------------------->] 100.00% 153.92 MiB p/s ETA 0s112.17 MiB / 112.17 MiB [------------------------------------------->] 100.00% 143.99 MiB p/s ETA 0s112.17 MiB / 112.17 MiB [------------------------------------------->] 100.00% 143.99 MiB p/s ETA 0s112.17 MiB / 112.17 MiB [------------------------------------------->] 100.00% 143.99 MiB p/s ETA 0s112.17 MiB / 112.17 MiB [------------------------------------------->] 100.00% 134.70 MiB p/s ETA 0s112.17 MiB / 112.17 MiB [------------------------------------------->] 100.00% 134.70 MiB p/s ETA 0s112.17 MiB / 112.17 MiB [------------------------------------------->] 100.00% 134.70 MiB p/s ETA 0s112.17 MiB / 112.17 MiB [------------------------------------------->] 100.00% 126.01 MiB p/s ETA 0s112.17 MiB / 112.17 MiB [------------------------------------------->] 100.00% 126.01 MiB p/s ETA 0s112.17 MiB / 112.17 MiB [------------------------------------------->] 100.00% 126.01 MiB p/s ETA 0s112.17 MiB / 112.17 MiB [------------------------------------------->] 100.00% 117.88 MiB p/s ETA 0s112.17 MiB / 112.17 MiB [------------------------------------------->] 100.00% 117.88 MiB p/s ETA 0s112.17 MiB / 112.17 MiB [------------------------------------------->] 100.00% 117.88 MiB p/s ETA 0s112.17 MiB / 112.17 MiB [------------------------------------------->] 100.00% 110.28 MiB p/s ETA 0s112.17 MiB / 112.17 MiB [------------------------------------------->] 100.00% 110.28 MiB p/s ETA 0s112.17 MiB / 112.17 MiB [------------------------------------------->] 100.00% 110.28 MiB p/s ETA 0s112.17 MiB / 112.17 MiB [------------------------------------------->] 100.00% 103.16 MiB p/s ETA 0s112.17 MiB / 112.17 MiB [------------------------------------------->] 100.00% 103.16 MiB p/s ETA 0s112.17 MiB / 112.17 MiB [------------------------------------------->] 100.00% 103.16 MiB p/s ETA 0s112.17 MiB / 112.17 MiB [-----------------------------------------------] 100.00% 19.25 MiB p/s 6.0s2026-09-08T02:32:10Z	INFO	[vulndb] Artifact successfully downloaded	repo="mirror.gcr.io/aquasec/trivy-db:2"
2026-09-08T02:32:10Z	INFO	[vuln] Vulnerability scanning is enabled
2026-09-08T02:32:10Z	INFO	Detected OS	family="alpine" version="3.24.1"
2026-09-08T02:32:10Z	WARN	This OS version is not on the EOL list	family="alpine" version="3.24"
2026-09-08T02:32:10Z	INFO	[alpine] Detecting vulnerabilities...	os_version="3.24" repository="3.24" pkg_num=71
2026-09-08T02:32:10Z	INFO	Number of language-specific files	num=0
