ghcr.io/claidd/otziv-security@sha256:93dd42a5379a80fc0673bc1d0c5601d3b35009c8250394b1e2b45082388c82cc: Pulling from claidd/otziv-security
d544298cabd5: Already exists
a8d1d2db4869: Pulling fs layer
efe6dcdbdeb7: Pulling fs layer
c8470e194d5a: Pulling fs layer
ff37dd3e6677: Pulling fs layer
bb015602ba7c: Pulling fs layer
497a683570ce: Pulling fs layer
4f4b6f3b2005: Pulling fs layer
4f4fb700ef54: Pulling fs layer
2f1689b7f71e: Pulling fs layer
19a5d0025411: Pulling fs layer
fdac28019b04: Pulling fs layer
7e5609a12619: Pulling fs layer
736d9b3f85ba: Pulling fs layer
497a683570ce: Waiting
49c58e7781e6: Pulling fs layer
bb015602ba7c: Waiting
4f4b6f3b2005: Waiting
e4c3ec7db4d6: Pulling fs layer
7e84ec0bd324: Pulling fs layer
2f1689b7f71e: Waiting
4f4fb700ef54: Waiting
bf65da3efa24: Pulling fs layer
9176a7844f54: Pulling fs layer
19a5d0025411: Waiting
e7e6605d682f: Pulling fs layer
49c58e7781e6: Waiting
906f4e286427: Pulling fs layer
fdac28019b04: Waiting
ac3346fd2cbb: Pulling fs layer
5062b403b140: Pulling fs layer
7e5609a12619: Waiting
676c758931c7: Pulling fs layer
736d9b3f85ba: Waiting
7f480ed6185e: Pulling fs layer
e4c3ec7db4d6: Waiting
7e84ec0bd324: Waiting
bf65da3efa24: Waiting
9176a7844f54: Waiting
ff37dd3e6677: Waiting
e7e6605d682f: Waiting
906f4e286427: Waiting
7f480ed6185e: Waiting
ac3346fd2cbb: Waiting
5062b403b140: Waiting
676c758931c7: Waiting
c8470e194d5a: Verifying Checksum
c8470e194d5a: Download complete
a8d1d2db4869: Verifying Checksum
a8d1d2db4869: Download complete
ff37dd3e6677: Verifying Checksum
ff37dd3e6677: Download complete
efe6dcdbdeb7: Verifying Checksum
efe6dcdbdeb7: Download complete
bb015602ba7c: Verifying Checksum
bb015602ba7c: Download complete
4f4b6f3b2005: Verifying Checksum
4f4b6f3b2005: Download complete
4f4fb700ef54: Verifying Checksum
4f4fb700ef54: Download complete
2f1689b7f71e: Verifying Checksum
2f1689b7f71e: Download complete
19a5d0025411: Download complete
7e5609a12619: Download complete
fdac28019b04: Verifying Checksum
fdac28019b04: Download complete
49c58e7781e6: Download complete
736d9b3f85ba: Verifying Checksum
736d9b3f85ba: Download complete
e4c3ec7db4d6: Verifying Checksum
e4c3ec7db4d6: Download complete
7e84ec0bd324: Verifying Checksum
7e84ec0bd324: Download complete
9176a7844f54: Verifying Checksum
9176a7844f54: Download complete
bf65da3efa24: Verifying Checksum
bf65da3efa24: Download complete
e7e6605d682f: Verifying Checksum
e7e6605d682f: Download complete
906f4e286427: Verifying Checksum
906f4e286427: Download complete
ac3346fd2cbb: Verifying Checksum
ac3346fd2cbb: Download complete
5062b403b140: Download complete
676c758931c7: Verifying Checksum
676c758931c7: Download complete
7f480ed6185e: Download complete
497a683570ce: Verifying Checksum
497a683570ce: Download complete
a8d1d2db4869: Pull complete
efe6dcdbdeb7: Pull complete
c8470e194d5a: Pull complete
ff37dd3e6677: Pull complete
bb015602ba7c: Pull complete
497a683570ce: Pull complete
4f4b6f3b2005: Pull complete
4f4fb700ef54: Pull complete
2f1689b7f71e: Pull complete
19a5d0025411: Pull complete
fdac28019b04: Pull complete
7e5609a12619: Pull complete
736d9b3f85ba: Pull complete
49c58e7781e6: Pull complete
e4c3ec7db4d6: Pull complete
7e84ec0bd324: Pull complete
bf65da3efa24: Pull complete
9176a7844f54: Pull complete
e7e6605d682f: Pull complete
906f4e286427: Pull complete
ac3346fd2cbb: Pull complete
5062b403b140: Pull complete
676c758931c7: Pull complete
7f480ed6185e: Pull complete
Digest: sha256:93dd42a5379a80fc0673bc1d0c5601d3b35009c8250394b1e2b45082388c82cc
Status: Downloaded newer image for ghcr.io/claidd/otziv-security@sha256:93dd42a5379a80fc0673bc1d0c5601d3b35009c8250394b1e2b45082388c82cc
ghcr.io/claidd/otziv-security@sha256:93dd42a5379a80fc0673bc1d0c5601d3b35009c8250394b1e2b45082388c82cc
