ghcr.io/claidd/otziv-security@sha256:0d805ad3b104f2a377b6e39f3e30e5707d8c6875a155a40d2c01e4ad608b5835: Pulling from claidd/otziv-security
55afa1ecc21d: Already exists
36b10d7e9584: Pulling fs layer
a2d50043cf4b: Pulling fs layer
79e295ff65f7: Pulling fs layer
08c32327646e: Pulling fs layer
3d72038cd163: Pulling fs layer
61b00a75611e: Pulling fs layer
b7c9d32adbb7: Pulling fs layer
3fac1596f4fe: Pulling fs layer
a9bf8dbc8381: Pulling fs layer
bfc9eb3eeb55: Pulling fs layer
4d4c8afeab2e: Pulling fs layer
8629e5922118: Pulling fs layer
8dff2aeb61f2: Pulling fs layer
01754b449c07: Pulling fs layer
9329e91a36b6: Pulling fs layer
55225d841404: Pulling fs layer
e4f49c7bf1eb: Pulling fs layer
07e9c74570c3: Pulling fs layer
61b00a75611e: Waiting
a5ea05b25ded: Pulling fs layer
4f4fb700ef54: Pulling fs layer
b7c9d32adbb7: Waiting
a9bf8dbc8381: Waiting
3fac1596f4fe: Waiting
bfc9eb3eeb55: Waiting
55225d841404: Waiting
4d4c8afeab2e: Waiting
e4f49c7bf1eb: Waiting
8629e5922118: Waiting
07e9c74570c3: Waiting
8dff2aeb61f2: Waiting
a5ea05b25ded: Waiting
01754b449c07: Waiting
4f4fb700ef54: Waiting
9329e91a36b6: Waiting
08c32327646e: Waiting
3d72038cd163: Waiting
a2d50043cf4b: Verifying Checksum
a2d50043cf4b: Download complete
08c32327646e: Download complete
36b10d7e9584: Verifying Checksum
36b10d7e9584: Download complete
79e295ff65f7: Download complete
3d72038cd163: Verifying Checksum
3d72038cd163: Download complete
61b00a75611e: Verifying Checksum
61b00a75611e: Download complete
3fac1596f4fe: Verifying Checksum
3fac1596f4fe: Download complete
a9bf8dbc8381: Verifying Checksum
a9bf8dbc8381: Download complete
b7c9d32adbb7: Verifying Checksum
b7c9d32adbb7: Download complete
bfc9eb3eeb55: Verifying Checksum
bfc9eb3eeb55: Download complete
4d4c8afeab2e: Verifying Checksum
4d4c8afeab2e: Download complete
8629e5922118: Verifying Checksum
8629e5922118: Download complete
8dff2aeb61f2: Download complete
9329e91a36b6: Verifying Checksum
9329e91a36b6: Download complete
01754b449c07: Verifying Checksum
01754b449c07: Download complete
55225d841404: Download complete
e4f49c7bf1eb: Verifying Checksum
e4f49c7bf1eb: Download complete
07e9c74570c3: Verifying Checksum
07e9c74570c3: Download complete
a5ea05b25ded: Verifying Checksum
a5ea05b25ded: Download complete
4f4fb700ef54: Verifying Checksum
4f4fb700ef54: Download complete
36b10d7e9584: Pull complete
a2d50043cf4b: Pull complete
79e295ff65f7: Pull complete
08c32327646e: Pull complete
3d72038cd163: Pull complete
61b00a75611e: Pull complete
b7c9d32adbb7: Pull complete
3fac1596f4fe: Pull complete
a9bf8dbc8381: Pull complete
bfc9eb3eeb55: Pull complete
4d4c8afeab2e: Pull complete
8629e5922118: Pull complete
8dff2aeb61f2: Pull complete
01754b449c07: Pull complete
9329e91a36b6: Pull complete
55225d841404: Pull complete
e4f49c7bf1eb: Pull complete
07e9c74570c3: Pull complete
a5ea05b25ded: Pull complete
4f4fb700ef54: Pull complete
Digest: sha256:0d805ad3b104f2a377b6e39f3e30e5707d8c6875a155a40d2c01e4ad608b5835
Status: Downloaded newer image for ghcr.io/claidd/otziv-security@sha256:0d805ad3b104f2a377b6e39f3e30e5707d8c6875a155a40d2c01e4ad608b5835
ghcr.io/claidd/otziv-security@sha256:0d805ad3b104f2a377b6e39f3e30e5707d8c6875a155a40d2c01e4ad608b5835
