ghcr.io/claidd/otziv-security@sha256:3bd06e6605d318c852fc56f42d14316b5cd74ed233119d586b078bd4a5e4be21: Pulling from claidd/otziv-security
55afa1ecc21d: Already exists
c0a28bc257cb: Pulling fs layer
4f4fb700ef54: Pulling fs layer
a03ca9a10f7f: Pulling fs layer
89febdabccfc: Pulling fs layer
efa6472e291a: Pulling fs layer
00bf69d11989: Pulling fs layer
ca2036df16a0: Pulling fs layer
89febdabccfc: Waiting
efa6472e291a: Waiting
ca2036df16a0: Waiting
00bf69d11989: Waiting
4f4fb700ef54: Download complete
c0a28bc257cb: Verifying Checksum
c0a28bc257cb: Download complete
89febdabccfc: Download complete
efa6472e291a: Download complete
00bf69d11989: Verifying Checksum
00bf69d11989: Download complete
ca2036df16a0: Verifying Checksum
ca2036df16a0: Download complete
a03ca9a10f7f: Verifying Checksum
a03ca9a10f7f: Download complete
c0a28bc257cb: Pull complete
4f4fb700ef54: Pull complete
a03ca9a10f7f: Pull complete
89febdabccfc: Pull complete
efa6472e291a: Pull complete
00bf69d11989: Pull complete
ca2036df16a0: Pull complete
Digest: sha256:3bd06e6605d318c852fc56f42d14316b5cd74ed233119d586b078bd4a5e4be21
Status: Downloaded newer image for ghcr.io/claidd/otziv-security@sha256:3bd06e6605d318c852fc56f42d14316b5cd74ed233119d586b078bd4a5e4be21
ghcr.io/claidd/otziv-security@sha256:3bd06e6605d318c852fc56f42d14316b5cd74ed233119d586b078bd4a5e4be21
