ghcr.io/claidd/otziv-security@sha256:3a3caaab4e71b3bfdec9da21c17c00ed10ca237151919aeddac8e5ce4b8b7baa: Pulling from claidd/otziv-security
2eb5c86cf79f: Pulling fs layer
79127f4b9750: Pulling fs layer
5d4385034dac: Pulling fs layer
deccdc626f24: Pulling fs layer
4c88d247abbb: Pulling fs layer
45ad083d6a7d: Pulling fs layer
9f5342c89a4a: Pulling fs layer
463012cd5517: Pulling fs layer
deccdc626f24: Waiting
4c88d247abbb: Waiting
45ad083d6a7d: Waiting
463012cd5517: Waiting
79127f4b9750: Verifying Checksum
79127f4b9750: Download complete
deccdc626f24: Download complete
4c88d247abbb: Download complete
45ad083d6a7d: Verifying Checksum
45ad083d6a7d: Download complete
9f5342c89a4a: Verifying Checksum
9f5342c89a4a: Download complete
463012cd5517: Verifying Checksum
463012cd5517: Download complete
2eb5c86cf79f: Download complete
2eb5c86cf79f: Pull complete
79127f4b9750: Pull complete
5d4385034dac: Verifying Checksum
5d4385034dac: Download complete
5d4385034dac: Pull complete
deccdc626f24: Pull complete
4c88d247abbb: Pull complete
45ad083d6a7d: Pull complete
9f5342c89a4a: Pull complete
463012cd5517: Pull complete
Digest: sha256:3a3caaab4e71b3bfdec9da21c17c00ed10ca237151919aeddac8e5ce4b8b7baa
Status: Downloaded newer image for ghcr.io/claidd/otziv-security@sha256:3a3caaab4e71b3bfdec9da21c17c00ed10ca237151919aeddac8e5ce4b8b7baa
ghcr.io/claidd/otziv-security@sha256:3a3caaab4e71b3bfdec9da21c17c00ed10ca237151919aeddac8e5ce4b8b7baa
