ghcr.io/claidd/otziv-security@sha256:c6ee6afd6750ae0886a608c5837085cb20417a6746ca2ed47b59b1a0fdec1973: Pulling from claidd/otziv-security
d544298cabd5: Already exists
a8d1d2db4869: Pulling fs layer
efe6dcdbdeb7: Pulling fs layer
c8470e194d5a: Pulling fs layer
ff37dd3e6677: Pulling fs layer
bb015602ba7c: Pulling fs layer
497a683570ce: Pulling fs layer
4f4b6f3b2005: Pulling fs layer
4f4fb700ef54: Pulling fs layer
2f1689b7f71e: Pulling fs layer
19a5d0025411: Pulling fs layer
fdac28019b04: Pulling fs layer
7e5609a12619: Pulling fs layer
736d9b3f85ba: Pulling fs layer
49c58e7781e6: Pulling fs layer
e4c3ec7db4d6: Pulling fs layer
7e84ec0bd324: Pulling fs layer
bf65da3efa24: Pulling fs layer
9176a7844f54: Pulling fs layer
e7e6605d682f: Pulling fs layer
906f4e286427: Pulling fs layer
ac3346fd2cbb: Pulling fs layer
5062b403b140: Pulling fs layer
676c758931c7: Pulling fs layer
7f480ed6185e: Pulling fs layer
246bf5c730ec: Pulling fs layer
0f357374c8b3: Pulling fs layer
bba6b09d2508: Pulling fs layer
38d3428d2085: Pulling fs layer
36fbcf23250e: Pulling fs layer
bb015602ba7c: Waiting
497a683570ce: Waiting
4f4b6f3b2005: Waiting
4f4fb700ef54: Waiting
2f1689b7f71e: Waiting
19a5d0025411: Waiting
ff37dd3e6677: Waiting
fdac28019b04: Waiting
7e5609a12619: Waiting
736d9b3f85ba: Waiting
676c758931c7: Waiting
49c58e7781e6: Waiting
9176a7844f54: Waiting
7f480ed6185e: Waiting
246bf5c730ec: Waiting
0f357374c8b3: Waiting
bba6b09d2508: Waiting
38d3428d2085: Waiting
36fbcf23250e: Waiting
7e84ec0bd324: Waiting
bf65da3efa24: Waiting
906f4e286427: Waiting
5062b403b140: Waiting
ac3346fd2cbb: Waiting
e7e6605d682f: Waiting
e4c3ec7db4d6: Waiting
c8470e194d5a: Download complete
ff37dd3e6677: Download complete
a8d1d2db4869: Verifying Checksum
a8d1d2db4869: Download complete
efe6dcdbdeb7: Verifying Checksum
efe6dcdbdeb7: Download complete
bb015602ba7c: Verifying Checksum
bb015602ba7c: Download complete
4f4fb700ef54: Download complete
4f4b6f3b2005: Verifying Checksum
4f4b6f3b2005: Download complete
2f1689b7f71e: Verifying Checksum
2f1689b7f71e: Download complete
19a5d0025411: Verifying Checksum
19a5d0025411: Download complete
fdac28019b04: Verifying Checksum
fdac28019b04: Download complete
7e5609a12619: Verifying Checksum
7e5609a12619: Download complete
49c58e7781e6: Verifying Checksum
49c58e7781e6: Download complete
736d9b3f85ba: Verifying Checksum
736d9b3f85ba: Download complete
e4c3ec7db4d6: Verifying Checksum
e4c3ec7db4d6: Download complete
7e84ec0bd324: Verifying Checksum
7e84ec0bd324: Download complete
497a683570ce: Verifying Checksum
497a683570ce: Download complete
9176a7844f54: Verifying Checksum
9176a7844f54: Download complete
bf65da3efa24: Verifying Checksum
bf65da3efa24: Download complete
e7e6605d682f: Verifying Checksum
e7e6605d682f: Download complete
906f4e286427: Verifying Checksum
906f4e286427: Download complete
ac3346fd2cbb: Verifying Checksum
ac3346fd2cbb: Download complete
5062b403b140: Download complete
676c758931c7: Verifying Checksum
676c758931c7: Download complete
246bf5c730ec: Verifying Checksum
246bf5c730ec: Download complete
7f480ed6185e: Verifying Checksum
7f480ed6185e: Download complete
0f357374c8b3: Verifying Checksum
0f357374c8b3: Download complete
bba6b09d2508: Verifying Checksum
bba6b09d2508: Download complete
38d3428d2085: Download complete
36fbcf23250e: Verifying Checksum
36fbcf23250e: Download complete
a8d1d2db4869: Pull complete
efe6dcdbdeb7: Pull complete
c8470e194d5a: Pull complete
ff37dd3e6677: Pull complete
bb015602ba7c: Pull complete
497a683570ce: Pull complete
4f4b6f3b2005: Pull complete
4f4fb700ef54: Pull complete
2f1689b7f71e: Pull complete
19a5d0025411: Pull complete
fdac28019b04: Pull complete
7e5609a12619: Pull complete
736d9b3f85ba: Pull complete
49c58e7781e6: Pull complete
e4c3ec7db4d6: Pull complete
7e84ec0bd324: Pull complete
bf65da3efa24: Pull complete
9176a7844f54: Pull complete
e7e6605d682f: Pull complete
906f4e286427: Pull complete
ac3346fd2cbb: Pull complete
5062b403b140: Pull complete
676c758931c7: Pull complete
7f480ed6185e: Pull complete
246bf5c730ec: Pull complete
0f357374c8b3: Pull complete
bba6b09d2508: Pull complete
38d3428d2085: Pull complete
36fbcf23250e: Pull complete
Digest: sha256:c6ee6afd6750ae0886a608c5837085cb20417a6746ca2ed47b59b1a0fdec1973
Status: Downloaded newer image for ghcr.io/claidd/otziv-security@sha256:c6ee6afd6750ae0886a608c5837085cb20417a6746ca2ed47b59b1a0fdec1973
ghcr.io/claidd/otziv-security@sha256:c6ee6afd6750ae0886a608c5837085cb20417a6746ca2ed47b59b1a0fdec1973
