#0 building with "desktop-linux" instance using docker driver

#1 [internal] load build definition from Dockerfile
#1 transferring dockerfile: 1.31kB done
#1 DONE 0.0s

#2 [internal] load metadata for ghcr.io/versity/versitygw@sha256:30292fc2eeacc67a36993b01f7a7a5e3361a19cced0e80c1d71cfa2a4b0a2499
#2 DONE 0.0s

#3 [internal] load .dockerignore
#3 transferring context: 2B done
#3 DONE 0.0s

#4 [internal] load build context
#4 DONE 0.0s

#5 [1/3] FROM ghcr.io/versity/versitygw@sha256:30292fc2eeacc67a36993b01f7a7a5e3361a19cced0e80c1d71cfa2a4b0a2499
#5 resolve ghcr.io/versity/versitygw@sha256:30292fc2eeacc67a36993b01f7a7a5e3361a19cced0e80c1d71cfa2a4b0a2499 0.0s done
#5 DONE 0.0s

#5 [1/3] FROM ghcr.io/versity/versitygw@sha256:30292fc2eeacc67a36993b01f7a7a5e3361a19cced0e80c1d71cfa2a4b0a2499
#5 CACHED

#4 [internal] load build context
#4 transferring context: 1.01kB done
#4 DONE 0.0s

#6 [2/3] COPY runtime-apk.lock /usr/share/otziv-build/versity/runtime-apk.lock
#6 DONE 0.0s

#7 [3/3] RUN mkdir -p /usr/share/otziv-build/versity     && sha256sum /usr/local/bin/versitygw > /usr/share/otziv-build/versity/binary.before.sha256     && apk info -vv | sort > /usr/share/otziv-build/versity/apk.before.lock     && apk add --no-cache --upgrade libssl3=3.5.8-r0 libcrypto3=3.5.8-r0     && apk info -vv | sort > /usr/share/otziv-build/versity/apk.after.lock     && test "$(sha256sum /usr/share/otziv-build/versity/apk.after.lock | cut -d ' ' -f 1)" = "$(sha256sum /usr/share/otziv-build/versity/runtime-apk.lock | cut -d ' ' -f 1)"     && sha256sum -c /usr/share/otziv-build/versity/binary.before.sha256     && cp /etc/apk/repositories /usr/share/otziv-build/versity/repositories.txt
#7 0.796 WARNING: opening from cache https://dl-cdn.alpinelinux.org/alpine/v3.24/main/x86_64/APKINDEX.tar.gz: No such file or directory
#7 0.796 WARNING: opening from cache https://dl-cdn.alpinelinux.org/alpine/v3.24/community/x86_64/APKINDEX.tar.gz: No such file or directory
#7 2.612 (1/2) Upgrading libcrypto3 (3.5.7-r0 -> 3.5.8-r0)
#7 3.884 (2/2) Upgrading libssl3 (3.5.7-r0 -> 3.5.8-r0)
#7 4.813 OK: 8200 KiB in 16 packages
#7 4.857 WARNING: opening from cache https://dl-cdn.alpinelinux.org/alpine/v3.24/main/x86_64/APKINDEX.tar.gz: No such file or directory
#7 4.857 WARNING: opening from cache https://dl-cdn.alpinelinux.org/alpine/v3.24/community/x86_64/APKINDEX.tar.gz: No such file or directory
#7 5.238 /usr/local/bin/versitygw: OK
#7 DONE 5.3s

#8 exporting to image
#8 exporting layers
#8 exporting layers 0.5s done
#8 exporting manifest sha256:00ac6ebacc9f3d5fb2273ebf6b06d4309c09ab6e0d74d74b495fe8f3605b39b5 0.0s done
#8 exporting config sha256:3a9c4905bd44d29665849aa1258d1442660f9bc8e050898a7b5888582366b191 0.0s done
#8 exporting attestation manifest sha256:fda5732cdd7fe3ef4d3d03440e0f1ca9057b6c60031776de3e75cb1cf8bb75de 0.0s done
#8 exporting manifest list sha256:25d625d20bc19627cdf7680aadb702dcdae239fe10dd289c4017ca40f22b5b32 0.0s done
#8 naming to docker.io/library/otziv-c14-versity:candidate2 done
#8 unpacking to docker.io/library/otziv-c14-versity:candidate2 0.1s done
#8 DONE 0.7s

View build details: docker-desktop://dashboard/build/desktop-linux/desktop-linux/nkjpy16lry9f91om2poa9ivqe
