Unable to find image 'aquasec/trivy@sha256:62b1e65e8869bc4b4c6aa4fa2b21595256c7c2f6018a9d9ad61caf87187c1969' locally
docker.io/aquasec/trivy@sha256:62b1e65e8869bc4b4c6aa4fa2b21595256c7c2f6018a9d9ad61caf87187c1969: Pulling from aquasec/trivy
55afa1ecc21d: Already exists
0c664a59f299: Pulling fs layer
9b17763e725d: Pulling fs layer
99f1ca71a2b5: Pulling fs layer
99f1ca71a2b5: Download complete
0c664a59f299: Verifying Checksum
0c664a59f299: Download complete
9b17763e725d: Verifying Checksum
9b17763e725d: Download complete
0c664a59f299: Pull complete
9b17763e725d: Pull complete
99f1ca71a2b5: Pull complete
Digest: sha256:62b1e65e8869bc4b4c6aa4fa2b21595256c7c2f6018a9d9ad61caf87187c1969
Status: Downloaded newer image for aquasec/trivy@sha256:62b1e65e8869bc4b4c6aa4fa2b21595256c7c2f6018a9d9ad61caf87187c1969
2026-09-08T14:40:06Z	INFO	[vulndb] Need to update DB
2026-09-08T14:40:06Z	INFO	[vulndb] Downloading vulnerability DB...
2026-09-08T14:40:06Z	INFO	[vulndb] Downloading artifact...	repo="mirror.gcr.io/aquasec/trivy-db:2"
53.40 MiB / 112.22 MiB [---------------------------->_______________________________] 47.59% ? p/s ?112.22 MiB / 112.22 MiB [--------------------------------------------------------->] 100.00% ? p/s ?112.22 MiB / 112.22 MiB [--------------------------------------------------------->] 100.00% ? p/s ?112.22 MiB / 112.22 MiB [-------------------------------------------->] 100.00% 97.93 MiB p/s ETA 0s112.22 MiB / 112.22 MiB [-------------------------------------------->] 100.00% 97.93 MiB p/s ETA 0s112.22 MiB / 112.22 MiB [-------------------------------------------->] 100.00% 97.93 MiB p/s ETA 0s112.22 MiB / 112.22 MiB [-------------------------------------------->] 100.00% 91.61 MiB p/s ETA 0s112.22 MiB / 112.22 MiB [-------------------------------------------->] 100.00% 91.61 MiB p/s ETA 0s112.22 MiB / 112.22 MiB [-------------------------------------------->] 100.00% 91.61 MiB p/s ETA 0s112.22 MiB / 112.22 MiB [-------------------------------------------->] 100.00% 85.70 MiB p/s ETA 0s112.22 MiB / 112.22 MiB [-------------------------------------------->] 100.00% 85.70 MiB p/s ETA 0s112.22 MiB / 112.22 MiB [-------------------------------------------->] 100.00% 85.70 MiB p/s ETA 0s112.22 MiB / 112.22 MiB [-------------------------------------------->] 100.00% 80.17 MiB p/s ETA 0s112.22 MiB / 112.22 MiB [-------------------------------------------->] 100.00% 80.17 MiB p/s ETA 0s112.22 MiB / 112.22 MiB [-------------------------------------------->] 100.00% 80.17 MiB p/s ETA 0s112.22 MiB / 112.22 MiB [-------------------------------------------->] 100.00% 75.00 MiB p/s ETA 0s112.22 MiB / 112.22 MiB [-------------------------------------------->] 100.00% 75.00 MiB p/s ETA 0s112.22 MiB / 112.22 MiB [-------------------------------------------->] 100.00% 75.00 MiB p/s ETA 0s112.22 MiB / 112.22 MiB [-------------------------------------------->] 100.00% 70.16 MiB p/s ETA 0s112.22 MiB / 112.22 MiB [-------------------------------------------->] 100.00% 70.16 MiB p/s ETA 0s112.22 MiB / 112.22 MiB [-------------------------------------------->] 100.00% 70.16 MiB p/s ETA 0s112.22 MiB / 112.22 MiB [-------------------------------------------->] 100.00% 65.63 MiB p/s ETA 0s112.22 MiB / 112.22 MiB [-------------------------------------------->] 100.00% 65.63 MiB p/s ETA 0s112.22 MiB / 112.22 MiB [-------------------------------------------->] 100.00% 65.63 MiB p/s ETA 0s112.22 MiB / 112.22 MiB [-------------------------------------------->] 100.00% 61.40 MiB p/s ETA 0s112.22 MiB / 112.22 MiB [-------------------------------------------->] 100.00% 61.40 MiB p/s ETA 0s112.22 MiB / 112.22 MiB [-------------------------------------------->] 100.00% 61.40 MiB p/s ETA 0s112.22 MiB / 112.22 MiB [-------------------------------------------->] 100.00% 57.44 MiB p/s ETA 0s112.22 MiB / 112.22 MiB [-------------------------------------------->] 100.00% 57.44 MiB p/s ETA 0s112.22 MiB / 112.22 MiB [-------------------------------------------->] 100.00% 57.44 MiB p/s ETA 0s112.22 MiB / 112.22 MiB [-------------------------------------------->] 100.00% 53.73 MiB p/s ETA 0s112.22 MiB / 112.22 MiB [-------------------------------------------->] 100.00% 53.73 MiB p/s ETA 0s112.22 MiB / 112.22 MiB [-------------------------------------------->] 100.00% 53.73 MiB p/s ETA 0s112.22 MiB / 112.22 MiB [-------------------------------------------->] 100.00% 50.27 MiB p/s ETA 0s112.22 MiB / 112.22 MiB [-------------------------------------------->] 100.00% 50.27 MiB p/s ETA 0s112.22 MiB / 112.22 MiB [-------------------------------------------->] 100.00% 50.27 MiB p/s ETA 0s112.22 MiB / 112.22 MiB [-------------------------------------------->] 100.00% 47.02 MiB p/s ETA 0s112.22 MiB / 112.22 MiB [-------------------------------------------->] 100.00% 47.02 MiB p/s ETA 0s112.22 MiB / 112.22 MiB [-----------------------------------------------] 100.00% 14.92 MiB p/s 7.7s2026-09-08T14:40:15Z	INFO	[vulndb] Artifact successfully downloaded	repo="mirror.gcr.io/aquasec/trivy-db:2"
2026-09-08T14:40:15Z	INFO	[vuln] Vulnerability scanning is enabled
2026-09-08T14:40:15Z	INFO	Detected OS	family="alpine" version="3.24.1"
2026-09-08T14:40:15Z	WARN	This OS version is not on the EOL list	family="alpine" version="3.24"
2026-09-08T14:40:15Z	INFO	[alpine] Detecting vulnerabilities...	os_version="3.24" repository="3.24" pkg_num=16
2026-09-08T14:40:15Z	INFO	Number of language-specific files	num=1
2026-09-08T14:40:15Z	INFO	[gobinary] Detecting vulnerabilities...
2026-09-08T14:40:15Z	WARN	Using severities from other vendors for some vulnerabilities. Read https://trivy.dev/docs/v0.74/guide/scanner/vulnerability#severity-selection for details.
