ghcr.io/claidd/otziv-security@sha256:74afe2ca053c338fe4d14ed36397b4ccea286efc52a3db4fc5a5c07289a9c360: Pulling from claidd/otziv-security
e6f31ffc071e: Pulling fs layer
9010581fffd4: Pulling fs layer
bfac9e75463e: Pulling fs layer
426f169c5b37: Pulling fs layer
500b30537bf5: Pulling fs layer
c37269114a8b: Pulling fs layer
5e4ba5eb6a5b: Pulling fs layer
0c77a7cefcb3: Pulling fs layer
f1e126553701: Pulling fs layer
bb95bb741cc3: Pulling fs layer
cc6a5902e005: Pulling fs layer
7007b71690f6: Pulling fs layer
500b30537bf5: Waiting
c37269114a8b: Waiting
5e4ba5eb6a5b: Waiting
0c77a7cefcb3: Waiting
f1e126553701: Waiting
bb95bb741cc3: Waiting
cc6a5902e005: Waiting
7007b71690f6: Waiting
426f169c5b37: Waiting
9010581fffd4: Verifying Checksum
9010581fffd4: Download complete
e6f31ffc071e: Verifying Checksum
e6f31ffc071e: Download complete
e6f31ffc071e: Pull complete
bfac9e75463e: Verifying Checksum
bfac9e75463e: Download complete
426f169c5b37: Verifying Checksum
426f169c5b37: Download complete
500b30537bf5: Verifying Checksum
500b30537bf5: Download complete
c37269114a8b: Verifying Checksum
c37269114a8b: Download complete
0c77a7cefcb3: Verifying Checksum
0c77a7cefcb3: Download complete
5e4ba5eb6a5b: Verifying Checksum
5e4ba5eb6a5b: Download complete
f1e126553701: Verifying Checksum
f1e126553701: Download complete
bb95bb741cc3: Verifying Checksum
bb95bb741cc3: Download complete
7007b71690f6: Download complete
9010581fffd4: Pull complete
cc6a5902e005: Verifying Checksum
cc6a5902e005: Download complete
bfac9e75463e: Pull complete
426f169c5b37: Pull complete
500b30537bf5: Pull complete
c37269114a8b: Pull complete
5e4ba5eb6a5b: Pull complete
0c77a7cefcb3: Pull complete
f1e126553701: Pull complete
bb95bb741cc3: Pull complete
cc6a5902e005: Pull complete
7007b71690f6: Pull complete
Digest: sha256:74afe2ca053c338fe4d14ed36397b4ccea286efc52a3db4fc5a5c07289a9c360
Status: Downloaded newer image for ghcr.io/claidd/otziv-security@sha256:74afe2ca053c338fe4d14ed36397b4ccea286efc52a3db4fc5a5c07289a9c360
ghcr.io/claidd/otziv-security@sha256:74afe2ca053c338fe4d14ed36397b4ccea286efc52a3db4fc5a5c07289a9c360
