ghcr.io/claidd/otziv-security@sha256:afb2d631c2d294ca23fb0ed3f98c9d601a0e72b5d702f5cde2b9522bf8a1ded0: Pulling from claidd/otziv-security
737574503653: Pulling fs layer
5b3013706a46: Pulling fs layer
8029962f461f: Pulling fs layer
9cd8e28f1c22: Pulling fs layer
9d2753d762cc: Pulling fs layer
2780920e5dbf: Pulling fs layer
7c12895b777b: Pulling fs layer
3214acf345c0: Pulling fs layer
52630fc75a18: Pulling fs layer
dd64bf2dd177: Pulling fs layer
b839dfae01f6: Pulling fs layer
411e1c946a02: Pulling fs layer
799f0e3f433d: Pulling fs layer
7c32965a0412: Pulling fs layer
1b4db41209f4: Pulling fs layer
3a6909a1122c: Pulling fs layer
3da0b2d8ac4f: Pulling fs layer
03a951325978: Pulling fs layer
360c34acce99: Pulling fs layer
04319e327333: Pulling fs layer
e5fd87a4ead6: Pulling fs layer
3da0b2d8ac4f: Waiting
9cd8e28f1c22: Waiting
799f0e3f433d: Waiting
9d2753d762cc: Waiting
7c32965a0412: Waiting
2780920e5dbf: Waiting
1b4db41209f4: Waiting
7c12895b777b: Waiting
03a951325978: Waiting
04319e327333: Waiting
360c34acce99: Waiting
3214acf345c0: Waiting
52630fc75a18: Waiting
411e1c946a02: Waiting
b839dfae01f6: Waiting
dd64bf2dd177: Waiting
5b3013706a46: Verifying Checksum
5b3013706a46: Download complete
737574503653: Verifying Checksum
737574503653: Download complete
737574503653: Pull complete
8029962f461f: Verifying Checksum
8029962f461f: Download complete
9d2753d762cc: Verifying Checksum
9d2753d762cc: Download complete
9cd8e28f1c22: Verifying Checksum
9cd8e28f1c22: Download complete
2780920e5dbf: Verifying Checksum
2780920e5dbf: Download complete
7c12895b777b: Verifying Checksum
7c12895b777b: Download complete
3214acf345c0: Verifying Checksum
3214acf345c0: Download complete
52630fc75a18: Verifying Checksum
52630fc75a18: Download complete
dd64bf2dd177: Verifying Checksum
dd64bf2dd177: Download complete
b839dfae01f6: Verifying Checksum
b839dfae01f6: Download complete
411e1c946a02: Verifying Checksum
411e1c946a02: Download complete
5b3013706a46: Pull complete
799f0e3f433d: Verifying Checksum
799f0e3f433d: Download complete
8029962f461f: Pull complete
1b4db41209f4: Verifying Checksum
1b4db41209f4: Download complete
9cd8e28f1c22: Pull complete
9d2753d762cc: Pull complete
2780920e5dbf: Pull complete
7c12895b777b: Pull complete
3214acf345c0: Pull complete
52630fc75a18: Pull complete
dd64bf2dd177: Pull complete
b839dfae01f6: Pull complete
411e1c946a02: Pull complete
799f0e3f433d: Pull complete
3da0b2d8ac4f: Verifying Checksum
3da0b2d8ac4f: Download complete
3a6909a1122c: Verifying Checksum
3a6909a1122c: Download complete
03a951325978: Verifying Checksum
03a951325978: Download complete
7c32965a0412: Verifying Checksum
7c32965a0412: Download complete
04319e327333: Verifying Checksum
04319e327333: Download complete
e5fd87a4ead6: Verifying Checksum
e5fd87a4ead6: Download complete
7c32965a0412: Pull complete
1b4db41209f4: Pull complete
3a6909a1122c: Pull complete
3da0b2d8ac4f: Pull complete
03a951325978: Pull complete
360c34acce99: Download complete
360c34acce99: Pull complete
04319e327333: Pull complete
e5fd87a4ead6: Pull complete
Digest: sha256:afb2d631c2d294ca23fb0ed3f98c9d601a0e72b5d702f5cde2b9522bf8a1ded0
Status: Downloaded newer image for ghcr.io/claidd/otziv-security@sha256:afb2d631c2d294ca23fb0ed3f98c9d601a0e72b5d702f5cde2b9522bf8a1ded0
ghcr.io/claidd/otziv-security@sha256:afb2d631c2d294ca23fb0ed3f98c9d601a0e72b5d702f5cde2b9522bf8a1ded0
