ghcr.io/claidd/otziv-security@sha256:431b45903443dcef3c973e16d4ad76670a5d0f6a61dd8a1cfe15b1fa6dd8334d: Pulling from claidd/otziv-security
487858d29734: Pulling fs layer
49c226752edd: Pulling fs layer
78371cb8a3e3: Pulling fs layer
3d4e926b26e4: Pulling fs layer
3d9bb49911e7: Pulling fs layer
7fd3bfb410ca: Pulling fs layer
4929ac19b0f9: Pulling fs layer
5d0ed881ee04: Pulling fs layer
c67922cc9d53: Pulling fs layer
e166be2853bd: Pulling fs layer
8c31d7b7915a: Pulling fs layer
abc4d67298d5: Pulling fs layer
3d4e926b26e4: Waiting
3d9bb49911e7: Waiting
7fd3bfb410ca: Waiting
5d0ed881ee04: Waiting
c67922cc9d53: Waiting
e166be2853bd: Waiting
8c31d7b7915a: Waiting
abc4d67298d5: Waiting
49c226752edd: Verifying Checksum
49c226752edd: Download complete
487858d29734: Download complete
487858d29734: Pull complete
3d9bb49911e7: Download complete
7fd3bfb410ca: Download complete
4929ac19b0f9: Verifying Checksum
4929ac19b0f9: Download complete
78371cb8a3e3: Verifying Checksum
78371cb8a3e3: Download complete
5d0ed881ee04: Verifying Checksum
5d0ed881ee04: Download complete
3d4e926b26e4: Verifying Checksum
3d4e926b26e4: Download complete
c67922cc9d53: Verifying Checksum
c67922cc9d53: Download complete
abc4d67298d5: Download complete
8c31d7b7915a: Verifying Checksum
8c31d7b7915a: Download complete
e166be2853bd: Verifying Checksum
e166be2853bd: Download complete
49c226752edd: Pull complete
78371cb8a3e3: Pull complete
3d4e926b26e4: Pull complete
3d9bb49911e7: Pull complete
7fd3bfb410ca: Pull complete
4929ac19b0f9: Pull complete
5d0ed881ee04: Pull complete
c67922cc9d53: Pull complete
e166be2853bd: Pull complete
8c31d7b7915a: Pull complete
abc4d67298d5: Pull complete
Digest: sha256:431b45903443dcef3c973e16d4ad76670a5d0f6a61dd8a1cfe15b1fa6dd8334d
Status: Downloaded newer image for ghcr.io/claidd/otziv-security@sha256:431b45903443dcef3c973e16d4ad76670a5d0f6a61dd8a1cfe15b1fa6dd8334d
ghcr.io/claidd/otziv-security@sha256:431b45903443dcef3c973e16d4ad76670a5d0f6a61dd8a1cfe15b1fa6dd8334d
