Unable to find image 'aquasec/trivy@sha256:62b1e65e8869bc4b4c6aa4fa2b21595256c7c2f6018a9d9ad61caf87187c1969' locally
docker.io/aquasec/trivy@sha256:62b1e65e8869bc4b4c6aa4fa2b21595256c7c2f6018a9d9ad61caf87187c1969: Pulling from aquasec/trivy
55afa1ecc21d: Already exists
0c664a59f299: Pulling fs layer
9b17763e725d: Pulling fs layer
99f1ca71a2b5: Pulling fs layer
99f1ca71a2b5: Verifying Checksum
99f1ca71a2b5: Download complete
0c664a59f299: Verifying Checksum
0c664a59f299: Download complete
9b17763e725d: Verifying Checksum
9b17763e725d: Download complete
0c664a59f299: Pull complete
9b17763e725d: Pull complete
99f1ca71a2b5: Pull complete
Digest: sha256:62b1e65e8869bc4b4c6aa4fa2b21595256c7c2f6018a9d9ad61caf87187c1969
Status: Downloaded newer image for aquasec/trivy@sha256:62b1e65e8869bc4b4c6aa4fa2b21595256c7c2f6018a9d9ad61caf87187c1969
2026-09-08T02:33:02Z	INFO	[vulndb] Need to update DB
2026-09-08T02:33:02Z	INFO	[vulndb] Downloading vulnerability DB...
2026-09-08T02:33:02Z	INFO	[vulndb] Downloading artifact...	repo="mirror.gcr.io/aquasec/trivy-db:2"
23.60 MiB / 112.17 MiB [------------>_______________________________________________] 21.04% ? p/s ?49.16 MiB / 112.17 MiB [-------------------------->_________________________________] 43.83% ? p/s ?79.40 MiB / 112.17 MiB [------------------------------------------>_________________] 70.78% ? p/s ?102.68 MiB / 112.17 MiB [----------------------------------------->___] 91.54% 131.80 MiB p/s ETA 0s112.17 MiB / 112.17 MiB [------------------------------------------->] 100.00% 131.80 MiB p/s ETA 0s112.17 MiB / 112.17 MiB [------------------------------------------->] 100.00% 131.80 MiB p/s ETA 0s112.17 MiB / 112.17 MiB [------------------------------------------->] 100.00% 124.32 MiB p/s ETA 0s112.17 MiB / 112.17 MiB [------------------------------------------->] 100.00% 124.32 MiB p/s ETA 0s112.17 MiB / 112.17 MiB [------------------------------------------->] 100.00% 124.32 MiB p/s ETA 0s112.17 MiB / 112.17 MiB [------------------------------------------->] 100.00% 116.30 MiB p/s ETA 0s112.17 MiB / 112.17 MiB [------------------------------------------->] 100.00% 116.30 MiB p/s ETA 0s112.17 MiB / 112.17 MiB [------------------------------------------->] 100.00% 116.30 MiB p/s ETA 0s112.17 MiB / 112.17 MiB [------------------------------------------->] 100.00% 108.79 MiB p/s ETA 0s112.17 MiB / 112.17 MiB [------------------------------------------->] 100.00% 108.79 MiB p/s ETA 0s112.17 MiB / 112.17 MiB [------------------------------------------->] 100.00% 108.79 MiB p/s ETA 0s112.17 MiB / 112.17 MiB [------------------------------------------->] 100.00% 101.77 MiB p/s ETA 0s112.17 MiB / 112.17 MiB [------------------------------------------->] 100.00% 101.77 MiB p/s ETA 0s112.17 MiB / 112.17 MiB [------------------------------------------->] 100.00% 101.77 MiB p/s ETA 0s112.17 MiB / 112.17 MiB [-------------------------------------------->] 100.00% 95.21 MiB p/s ETA 0s112.17 MiB / 112.17 MiB [-------------------------------------------->] 100.00% 95.21 MiB p/s ETA 0s112.17 MiB / 112.17 MiB [-------------------------------------------->] 100.00% 95.21 MiB p/s ETA 0s112.17 MiB / 112.17 MiB [-------------------------------------------->] 100.00% 89.06 MiB p/s ETA 0s112.17 MiB / 112.17 MiB [-------------------------------------------->] 100.00% 89.06 MiB p/s ETA 0s112.17 MiB / 112.17 MiB [-------------------------------------------->] 100.00% 89.06 MiB p/s ETA 0s112.17 MiB / 112.17 MiB [-------------------------------------------->] 100.00% 83.32 MiB p/s ETA 0s112.17 MiB / 112.17 MiB [-------------------------------------------->] 100.00% 83.32 MiB p/s ETA 0s112.17 MiB / 112.17 MiB [-------------------------------------------->] 100.00% 83.32 MiB p/s ETA 0s112.17 MiB / 112.17 MiB [-------------------------------------------->] 100.00% 77.94 MiB p/s ETA 0s112.17 MiB / 112.17 MiB [-------------------------------------------->] 100.00% 77.94 MiB p/s ETA 0s112.17 MiB / 112.17 MiB [-------------------------------------------->] 100.00% 77.94 MiB p/s ETA 0s112.17 MiB / 112.17 MiB [-------------------------------------------->] 100.00% 72.91 MiB p/s ETA 0s112.17 MiB / 112.17 MiB [-------------------------------------------->] 100.00% 72.91 MiB p/s ETA 0s112.17 MiB / 112.17 MiB [-------------------------------------------->] 100.00% 72.91 MiB p/s ETA 0s112.17 MiB / 112.17 MiB [-------------------------------------------->] 100.00% 68.21 MiB p/s ETA 0s112.17 MiB / 112.17 MiB [-------------------------------------------->] 100.00% 68.21 MiB p/s ETA 0s112.17 MiB / 112.17 MiB [-------------------------------------------->] 100.00% 68.21 MiB p/s ETA 0s112.17 MiB / 112.17 MiB [-------------------------------------------->] 100.00% 63.81 MiB p/s ETA 0s112.17 MiB / 112.17 MiB [-------------------------------------------->] 100.00% 63.81 MiB p/s ETA 0s112.17 MiB / 112.17 MiB [-------------------------------------------->] 100.00% 63.81 MiB p/s ETA 0s112.17 MiB / 112.17 MiB [-----------------------------------------------] 100.00% 14.61 MiB p/s 7.9s2026-09-08T02:33:11Z	INFO	[vulndb] Artifact successfully downloaded	repo="mirror.gcr.io/aquasec/trivy-db:2"
2026-09-08T02:33:11Z	INFO	[vuln] Vulnerability scanning is enabled
2026-09-08T02:33:11Z	INFO	Detected OS	family="alpine" version="3.24.1"
2026-09-08T02:33:11Z	WARN	This OS version is not on the EOL list	family="alpine" version="3.24"
2026-09-08T02:33:11Z	INFO	[alpine] Detecting vulnerabilities...	os_version="3.24" repository="3.24" pkg_num=18
2026-09-08T02:33:11Z	INFO	Number of language-specific files	num=1
2026-09-08T02:33:11Z	INFO	[node-pkg] Detecting vulnerabilities...
