PASS source_fixture_has_1000_relational_json_rows
PASS source_locale_is_utf8_libc_en_us_2_41
PASS clean_stop_before_exclusive_same_volume_upgrade
PASS same_volume_data_schema_privileges_and_xml_preserved
PASS all_original_available_extensions_preserved
PASS all_41_unicode_order_case_and_820_equality_controls_identical
PASS llvm_jit_explicitly_unavailable
PASS select_grant_preserved
PASS write_denied_for_read_only_role
PASS casefold_unique_index_still_rejects_existing_identity
PASS ordinary_indexed_json_query_unchanged
PASS sql_xml_xpath_and_utf8_content_work
PASS malformed_xml_is_rejected_and_server_survives
PASS new_identity_and_json_writes_work
PASS candidate_restart_preserves_old_and_new_rows
PASS restart_preserves_collation_and_case_controls
PASS unchanged_official_entrypoint_initializes_fresh_cluster_and_gzip_sql
PASS rollback_uses_separate_fresh_volume
PASS original_backup_restores_exact_baseline
PASS new_candidate_backup_restores_to_original_17_10
PASS logical_rollback_keeps_post_upgrade_write_and_original_case_semantics
{"result":"PASS","checks":21,"cleanup":"PASS","failures":[]}
