ghcr.io/claidd/otziv-security@sha256:025c28f7afbcc84d8d836840afb7cb2e8e44f2b4930131c4bbb539380fd8185f: Pulling from claidd/otziv-security
55afa1ecc21d: Already exists
f45fdf633158: Pulling fs layer
67ff5ce9d4e9: Pulling fs layer
51ec9c021a5a: Pulling fs layer
33e5f432b4d0: Pulling fs layer
6710fa5752a5: Pulling fs layer
0bfd0ed00414: Pulling fs layer
c39233542455: Pulling fs layer
1d9ff387d2c3: Pulling fs layer
33e5f432b4d0: Waiting
0bfd0ed00414: Waiting
6710fa5752a5: Waiting
c39233542455: Waiting
1d9ff387d2c3: Waiting
67ff5ce9d4e9: Verifying Checksum
67ff5ce9d4e9: Download complete
51ec9c021a5a: Verifying Checksum
51ec9c021a5a: Download complete
f45fdf633158: Verifying Checksum
f45fdf633158: Download complete
6710fa5752a5: Download complete
33e5f432b4d0: Verifying Checksum
33e5f432b4d0: Download complete
0bfd0ed00414: Download complete
1d9ff387d2c3: Verifying Checksum
1d9ff387d2c3: Download complete
c39233542455: Verifying Checksum
c39233542455: Download complete
f45fdf633158: Pull complete
67ff5ce9d4e9: Pull complete
51ec9c021a5a: Pull complete
33e5f432b4d0: Pull complete
6710fa5752a5: Pull complete
0bfd0ed00414: Pull complete
c39233542455: Pull complete
1d9ff387d2c3: Pull complete
Digest: sha256:025c28f7afbcc84d8d836840afb7cb2e8e44f2b4930131c4bbb539380fd8185f
Status: Downloaded newer image for ghcr.io/claidd/otziv-security@sha256:025c28f7afbcc84d8d836840afb7cb2e8e44f2b4930131c4bbb539380fd8185f
ghcr.io/claidd/otziv-security@sha256:025c28f7afbcc84d8d836840afb7cb2e8e44f2b4930131c4bbb539380fd8185f
