ghcr.io/claidd/otziv-security@sha256:b13b0abc6fb26fb7b1e55190411f8b6a5d1894fb7a6c27df2352cb5a3adb54ae: Pulling from claidd/otziv-security
55afa1ecc21d: Already exists
9bdf68849424: Pulling fs layer
c2825da3eaa5: Pulling fs layer
edadf2f0fe91: Pulling fs layer
cecf286fb744: Pulling fs layer
598258729031: Pulling fs layer
3c27c86ca0ad: Pulling fs layer
2c81fdb6f213: Pulling fs layer
34f4f742e5b3: Pulling fs layer
2295e0c6eafd: Pulling fs layer
4f69aed78bda: Pulling fs layer
4f4fb700ef54: Pulling fs layer
9aa5e49781f4: Pulling fs layer
3e53a00709c6: Pulling fs layer
847d035a1b4e: Pulling fs layer
b0120fde913d: Pulling fs layer
0ccacc377f7e: Pulling fs layer
4f69aed78bda: Waiting
4f4fb700ef54: Waiting
9aa5e49781f4: Waiting
cecf286fb744: Waiting
598258729031: Waiting
3e53a00709c6: Waiting
847d035a1b4e: Waiting
3c27c86ca0ad: Waiting
b0120fde913d: Waiting
2c81fdb6f213: Waiting
2295e0c6eafd: Waiting
34f4f742e5b3: Waiting
9bdf68849424: Verifying Checksum
9bdf68849424: Download complete
edadf2f0fe91: Verifying Checksum
edadf2f0fe91: Download complete
c2825da3eaa5: Verifying Checksum
c2825da3eaa5: Download complete
cecf286fb744: Verifying Checksum
cecf286fb744: Download complete
598258729031: Verifying Checksum
598258729031: Download complete
34f4f742e5b3: Verifying Checksum
34f4f742e5b3: Download complete
2295e0c6eafd: Verifying Checksum
2295e0c6eafd: Download complete
4f69aed78bda: Verifying Checksum
4f69aed78bda: Download complete
9bdf68849424: Pull complete
4f4fb700ef54: Verifying Checksum
4f4fb700ef54: Download complete
9aa5e49781f4: Download complete
c2825da3eaa5: Pull complete
edadf2f0fe91: Pull complete
cecf286fb744: Pull complete
598258729031: Pull complete
3e53a00709c6: Verifying Checksum
3e53a00709c6: Download complete
2c81fdb6f213: Verifying Checksum
2c81fdb6f213: Download complete
b0120fde913d: Verifying Checksum
b0120fde913d: Download complete
0ccacc377f7e: Download complete
3c27c86ca0ad: Verifying Checksum
3c27c86ca0ad: Download complete
847d035a1b4e: Verifying Checksum
847d035a1b4e: Download complete
3c27c86ca0ad: Pull complete
2c81fdb6f213: Pull complete
34f4f742e5b3: Pull complete
2295e0c6eafd: Pull complete
4f69aed78bda: Pull complete
4f4fb700ef54: Pull complete
9aa5e49781f4: Pull complete
3e53a00709c6: Pull complete
847d035a1b4e: Pull complete
b0120fde913d: Pull complete
0ccacc377f7e: Pull complete
Digest: sha256:b13b0abc6fb26fb7b1e55190411f8b6a5d1894fb7a6c27df2352cb5a3adb54ae
Status: Downloaded newer image for ghcr.io/claidd/otziv-security@sha256:b13b0abc6fb26fb7b1e55190411f8b6a5d1894fb7a6c27df2352cb5a3adb54ae
ghcr.io/claidd/otziv-security@sha256:b13b0abc6fb26fb7b1e55190411f8b6a5d1894fb7a6c27df2352cb5a3adb54ae
