ghcr.io/claidd/otziv-security@sha256:d163502c0d23dd3d76ec9fab63d9697317c9a2aaa39d1a3d783a70044bb803c0: Pulling from claidd/otziv-security
294361679307: Pulling fs layer
0ac3d9f642bf: Pulling fs layer
3cff02b7b43e: Pulling fs layer
ad14e942a9bb: Pulling fs layer
76c265bd0daa: Pulling fs layer
8dc6e7a7ef85: Pulling fs layer
ad14e942a9bb: Waiting
76c265bd0daa: Waiting
8dc6e7a7ef85: Waiting
0ac3d9f642bf: Verifying Checksum
0ac3d9f642bf: Download complete
3cff02b7b43e: Verifying Checksum
3cff02b7b43e: Download complete
76c265bd0daa: Verifying Checksum
76c265bd0daa: Download complete
8dc6e7a7ef85: Verifying Checksum
8dc6e7a7ef85: Download complete
ad14e942a9bb: Verifying Checksum
ad14e942a9bb: Download complete
294361679307: Verifying Checksum
294361679307: Download complete
294361679307: Pull complete
0ac3d9f642bf: Pull complete
3cff02b7b43e: Pull complete
ad14e942a9bb: Pull complete
76c265bd0daa: Pull complete
8dc6e7a7ef85: Pull complete
Digest: sha256:d163502c0d23dd3d76ec9fab63d9697317c9a2aaa39d1a3d783a70044bb803c0
Status: Downloaded newer image for ghcr.io/claidd/otziv-security@sha256:d163502c0d23dd3d76ec9fab63d9697317c9a2aaa39d1a3d783a70044bb803c0
ghcr.io/claidd/otziv-security@sha256:d163502c0d23dd3d76ec9fab63d9697317c9a2aaa39d1a3d783a70044bb803c0
