Unable to find image 'aquasec/trivy@sha256:62b1e65e8869bc4b4c6aa4fa2b21595256c7c2f6018a9d9ad61caf87187c1969' locally
docker.io/aquasec/trivy@sha256:62b1e65e8869bc4b4c6aa4fa2b21595256c7c2f6018a9d9ad61caf87187c1969: Pulling from aquasec/trivy
55afa1ecc21d: Already exists
0c664a59f299: Pulling fs layer
9b17763e725d: Pulling fs layer
99f1ca71a2b5: Pulling fs layer
99f1ca71a2b5: Download complete
0c664a59f299: Verifying Checksum
0c664a59f299: Download complete
9b17763e725d: Verifying Checksum
9b17763e725d: Download complete
0c664a59f299: Pull complete
9b17763e725d: Pull complete
99f1ca71a2b5: Pull complete
Digest: sha256:62b1e65e8869bc4b4c6aa4fa2b21595256c7c2f6018a9d9ad61caf87187c1969
Status: Downloaded newer image for aquasec/trivy@sha256:62b1e65e8869bc4b4c6aa4fa2b21595256c7c2f6018a9d9ad61caf87187c1969
2026-09-08T13:48:05Z	INFO	[vulndb] Need to update DB
2026-09-08T13:48:05Z	INFO	[vulndb] Downloading vulnerability DB...
2026-09-08T13:48:05Z	INFO	[vulndb] Downloading artifact...	repo="mirror.gcr.io/aquasec/trivy-db:2"
25.38 MiB / 112.22 MiB [------------->______________________________________________] 22.62% ? p/s ?51.79 MiB / 112.22 MiB [--------------------------->________________________________] 46.15% ? p/s ?74.45 MiB / 112.22 MiB [--------------------------------------->____________________] 66.34% ? p/s ?95.38 MiB / 112.22 MiB [--------------------------------------->______] 84.99% 116.62 MiB p/s ETA 0s112.22 MiB / 112.22 MiB [------------------------------------------->] 100.00% 116.62 MiB p/s ETA 0s112.22 MiB / 112.22 MiB [------------------------------------------->] 100.00% 116.62 MiB p/s ETA 0s112.22 MiB / 112.22 MiB [------------------------------------------->] 100.00% 110.91 MiB p/s ETA 0s112.22 MiB / 112.22 MiB [------------------------------------------->] 100.00% 110.91 MiB p/s ETA 0s112.22 MiB / 112.22 MiB [------------------------------------------->] 100.00% 110.91 MiB p/s ETA 0s112.22 MiB / 112.22 MiB [------------------------------------------->] 100.00% 103.76 MiB p/s ETA 0s112.22 MiB / 112.22 MiB [------------------------------------------->] 100.00% 103.76 MiB p/s ETA 0s112.22 MiB / 112.22 MiB [------------------------------------------->] 100.00% 103.76 MiB p/s ETA 0s112.22 MiB / 112.22 MiB [-------------------------------------------->] 100.00% 97.06 MiB p/s ETA 0s112.22 MiB / 112.22 MiB [-------------------------------------------->] 100.00% 97.06 MiB p/s ETA 0s112.22 MiB / 112.22 MiB [-------------------------------------------->] 100.00% 97.06 MiB p/s ETA 0s112.22 MiB / 112.22 MiB [-------------------------------------------->] 100.00% 90.80 MiB p/s ETA 0s112.22 MiB / 112.22 MiB [-------------------------------------------->] 100.00% 90.80 MiB p/s ETA 0s112.22 MiB / 112.22 MiB [-------------------------------------------->] 100.00% 90.80 MiB p/s ETA 0s112.22 MiB / 112.22 MiB [-------------------------------------------->] 100.00% 84.94 MiB p/s ETA 0s112.22 MiB / 112.22 MiB [-------------------------------------------->] 100.00% 84.94 MiB p/s ETA 0s112.22 MiB / 112.22 MiB [-------------------------------------------->] 100.00% 84.94 MiB p/s ETA 0s112.22 MiB / 112.22 MiB [-------------------------------------------->] 100.00% 79.46 MiB p/s ETA 0s112.22 MiB / 112.22 MiB [-------------------------------------------->] 100.00% 79.46 MiB p/s ETA 0s112.22 MiB / 112.22 MiB [-------------------------------------------->] 100.00% 79.46 MiB p/s ETA 0s112.22 MiB / 112.22 MiB [-------------------------------------------->] 100.00% 74.33 MiB p/s ETA 0s112.22 MiB / 112.22 MiB [-----------------------------------------------] 100.00% 23.24 MiB p/s 5.0s2026-09-08T13:48:11Z	INFO	[vulndb] Artifact successfully downloaded	repo="mirror.gcr.io/aquasec/trivy-db:2"
2026-09-08T13:48:11Z	INFO	[vuln] Vulnerability scanning is enabled
2026-09-08T13:48:14Z	INFO	Detected OS	family="redhat" version="9.8"
2026-09-08T13:48:14Z	INFO	[redhat] Detecting RHEL/CentOS vulnerabilities...	os_version="9" pkg_num=98
2026-09-08T13:48:14Z	INFO	Number of language-specific files	num=1
2026-09-08T13:48:14Z	INFO	[gobinary] Detecting vulnerabilities...
2026-09-08T13:48:14Z	WARN	Using severities from other vendors for some vulnerabilities. Read https://trivy.dev/docs/v0.74/guide/scanner/vulnerability#severity-selection for details.
