ghcr.io/claidd/otziv-security@sha256:8917049917dc110930957c5d59cff66489d9a3e486ffdfe7b2221c40acc0f14c: Pulling from claidd/otziv-security
55afa1ecc21d: Already exists
a0f82f71477f: Pulling fs layer
b38a07ecd3ea: Pulling fs layer
502142e2f202: Pulling fs layer
bfda18e976c9: Pulling fs layer
7bfce764b39d: Pulling fs layer
ff8418624588: Pulling fs layer
659c45931b41: Pulling fs layer
6c57f3bc49bc: Pulling fs layer
ff8418624588: Waiting
bfda18e976c9: Waiting
7bfce764b39d: Waiting
659c45931b41: Waiting
6c57f3bc49bc: Waiting
502142e2f202: Verifying Checksum
502142e2f202: Download complete
b38a07ecd3ea: Verifying Checksum
b38a07ecd3ea: Download complete
bfda18e976c9: Verifying Checksum
bfda18e976c9: Download complete
7bfce764b39d: Verifying Checksum
7bfce764b39d: Download complete
ff8418624588: Verifying Checksum
ff8418624588: Download complete
a0f82f71477f: Download complete
659c45931b41: Verifying Checksum
659c45931b41: Download complete
6c57f3bc49bc: Verifying Checksum
6c57f3bc49bc: Download complete
a0f82f71477f: Pull complete
b38a07ecd3ea: Pull complete
502142e2f202: Pull complete
bfda18e976c9: Pull complete
7bfce764b39d: Pull complete
ff8418624588: Pull complete
659c45931b41: Pull complete
6c57f3bc49bc: Pull complete
Digest: sha256:8917049917dc110930957c5d59cff66489d9a3e486ffdfe7b2221c40acc0f14c
Status: Downloaded newer image for ghcr.io/claidd/otziv-security@sha256:8917049917dc110930957c5d59cff66489d9a3e486ffdfe7b2221c40acc0f14c
ghcr.io/claidd/otziv-security@sha256:8917049917dc110930957c5d59cff66489d9a3e486ffdfe7b2221c40acc0f14c
