ghcr.io/claidd/otziv-security@sha256:82c90ef48d1d1e009b7847fc1a398995758e8dcaa89e7ea90992b599b935f15b: Pulling from claidd/otziv-security
03c9b64681ee: Pulling fs layer
2e4cf50eeb92: Pulling fs layer
56ce5a7a0a8c: Pulling fs layer
e1089d61b200: Pulling fs layer
0f8b424aa0b9: Pulling fs layer
d557676654e5: Pulling fs layer
d82bc7a76a83: Pulling fs layer
68e4cd60e60f: Pulling fs layer
0783a66ae749: Pulling fs layer
b40161cd83fc: Pulling fs layer
6b72b81ed966: Pulling fs layer
6cdd517ba905: Pulling fs layer
e1164bdd965f: Pulling fs layer
41773a4d18b9: Pulling fs layer
83571b51c1ec: Pulling fs layer
88fa8f1b7f25: Pulling fs layer
6ff471309bce: Pulling fs layer
709a3985bddc: Pulling fs layer
56eb746eb521: Pulling fs layer
12142aee4c91: Pulling fs layer
e1089d61b200: Waiting
0f8b424aa0b9: Waiting
d557676654e5: Waiting
d82bc7a76a83: Waiting
6cdd517ba905: Waiting
68e4cd60e60f: Waiting
e1164bdd965f: Waiting
0783a66ae749: Waiting
41773a4d18b9: Waiting
83571b51c1ec: Waiting
b40161cd83fc: Waiting
88fa8f1b7f25: Waiting
6b72b81ed966: Waiting
6ff471309bce: Waiting
709a3985bddc: Waiting
12142aee4c91: Waiting
56eb746eb521: Waiting
2e4cf50eeb92: Download complete
03c9b64681ee: Verifying Checksum
03c9b64681ee: Download complete
56ce5a7a0a8c: Download complete
03c9b64681ee: Pull complete
e1089d61b200: Verifying Checksum
e1089d61b200: Download complete
0f8b424aa0b9: Download complete
d557676654e5: Verifying Checksum
d557676654e5: Download complete
d82bc7a76a83: Download complete
68e4cd60e60f: Verifying Checksum
68e4cd60e60f: Download complete
0783a66ae749: Download complete
b40161cd83fc: Download complete
6b72b81ed966: Verifying Checksum
6b72b81ed966: Download complete
6cdd517ba905: Verifying Checksum
6cdd517ba905: Download complete
41773a4d18b9: Verifying Checksum
41773a4d18b9: Download complete
83571b51c1ec: Verifying Checksum
83571b51c1ec: Download complete
88fa8f1b7f25: Verifying Checksum
88fa8f1b7f25: Download complete
6ff471309bce: Verifying Checksum
6ff471309bce: Download complete
56eb746eb521: Verifying Checksum
56eb746eb521: Download complete
12142aee4c91: Verifying Checksum
12142aee4c91: Download complete
e1164bdd965f: Verifying Checksum
e1164bdd965f: Download complete
709a3985bddc: Download complete
2e4cf50eeb92: Pull complete
56ce5a7a0a8c: Pull complete
e1089d61b200: Pull complete
0f8b424aa0b9: Pull complete
d557676654e5: Pull complete
d82bc7a76a83: Pull complete
68e4cd60e60f: Pull complete
0783a66ae749: Pull complete
b40161cd83fc: Pull complete
6b72b81ed966: Pull complete
6cdd517ba905: Pull complete
e1164bdd965f: Pull complete
41773a4d18b9: Pull complete
83571b51c1ec: Pull complete
88fa8f1b7f25: Pull complete
6ff471309bce: Pull complete
709a3985bddc: Pull complete
56eb746eb521: Pull complete
12142aee4c91: Pull complete
Digest: sha256:82c90ef48d1d1e009b7847fc1a398995758e8dcaa89e7ea90992b599b935f15b
Status: Downloaded newer image for ghcr.io/claidd/otziv-security@sha256:82c90ef48d1d1e009b7847fc1a398995758e8dcaa89e7ea90992b599b935f15b
ghcr.io/claidd/otziv-security@sha256:82c90ef48d1d1e009b7847fc1a398995758e8dcaa89e7ea90992b599b935f15b
