Unable to find image 'aquasec/trivy@sha256:62b1e65e8869bc4b4c6aa4fa2b21595256c7c2f6018a9d9ad61caf87187c1969' locally
docker.io/aquasec/trivy@sha256:62b1e65e8869bc4b4c6aa4fa2b21595256c7c2f6018a9d9ad61caf87187c1969: Pulling from aquasec/trivy
55afa1ecc21d: Already exists
0c664a59f299: Pulling fs layer
9b17763e725d: Pulling fs layer
99f1ca71a2b5: Pulling fs layer
99f1ca71a2b5: Verifying Checksum
99f1ca71a2b5: Download complete
0c664a59f299: Verifying Checksum
0c664a59f299: Download complete
9b17763e725d: Verifying Checksum
9b17763e725d: Download complete
0c664a59f299: Pull complete
9b17763e725d: Pull complete
99f1ca71a2b5: Pull complete
Digest: sha256:62b1e65e8869bc4b4c6aa4fa2b21595256c7c2f6018a9d9ad61caf87187c1969
Status: Downloaded newer image for aquasec/trivy@sha256:62b1e65e8869bc4b4c6aa4fa2b21595256c7c2f6018a9d9ad61caf87187c1969
2026-09-12T11:12:15Z	INFO	[vulndb] Need to update DB
2026-09-12T11:12:15Z	INFO	[vulndb] Downloading vulnerability DB...
2026-09-12T11:12:15Z	INFO	[vulndb] Downloading artifact...	repo="mirror.gcr.io/aquasec/trivy-db:2"
2.88 MiB / 112.87 MiB [->____________________________________________________________] 2.55% ? p/s ?31.89 MiB / 112.87 MiB [---------------->___________________________________________] 28.25% ? p/s ?68.11 MiB / 112.87 MiB [------------------------------------>_______________________] 60.34% ? p/s ?104.03 MiB / 112.87 MiB [----------------------------------------->___] 92.17% 168.42 MiB p/s ETA 0s112.87 MiB / 112.87 MiB [------------------------------------------->] 100.00% 168.42 MiB p/s ETA 0s112.87 MiB / 112.87 MiB [------------------------------------------->] 100.00% 168.42 MiB p/s ETA 0s112.87 MiB / 112.87 MiB [------------------------------------------->] 100.00% 158.51 MiB p/s ETA 0s112.87 MiB / 112.87 MiB [------------------------------------------->] 100.00% 158.51 MiB p/s ETA 0s112.87 MiB / 112.87 MiB [------------------------------------------->] 100.00% 158.51 MiB p/s ETA 0s112.87 MiB / 112.87 MiB [------------------------------------------->] 100.00% 148.28 MiB p/s ETA 0s112.87 MiB / 112.87 MiB [------------------------------------------->] 100.00% 148.28 MiB p/s ETA 0s112.87 MiB / 112.87 MiB [------------------------------------------->] 100.00% 148.28 MiB p/s ETA 0s112.87 MiB / 112.87 MiB [------------------------------------------->] 100.00% 138.71 MiB p/s ETA 0s112.87 MiB / 112.87 MiB [------------------------------------------->] 100.00% 138.71 MiB p/s ETA 0s112.87 MiB / 112.87 MiB [------------------------------------------->] 100.00% 138.71 MiB p/s ETA 0s112.87 MiB / 112.87 MiB [------------------------------------------->] 100.00% 129.76 MiB p/s ETA 0s112.87 MiB / 112.87 MiB [------------------------------------------->] 100.00% 129.76 MiB p/s ETA 0s112.87 MiB / 112.87 MiB [------------------------------------------->] 100.00% 129.76 MiB p/s ETA 0s112.87 MiB / 112.87 MiB [------------------------------------------->] 100.00% 121.39 MiB p/s ETA 0s112.87 MiB / 112.87 MiB [------------------------------------------->] 100.00% 121.39 MiB p/s ETA 0s112.87 MiB / 112.87 MiB [------------------------------------------->] 100.00% 121.39 MiB p/s ETA 0s112.87 MiB / 112.87 MiB [------------------------------------------->] 100.00% 113.56 MiB p/s ETA 0s112.87 MiB / 112.87 MiB [------------------------------------------->] 100.00% 113.56 MiB p/s ETA 0s112.87 MiB / 112.87 MiB [------------------------------------------->] 100.00% 113.56 MiB p/s ETA 0s112.87 MiB / 112.87 MiB [------------------------------------------->] 100.00% 106.23 MiB p/s ETA 0s112.87 MiB / 112.87 MiB [------------------------------------------->] 100.00% 106.23 MiB p/s ETA 0s112.87 MiB / 112.87 MiB [------------------------------------------->] 100.00% 106.23 MiB p/s ETA 0s112.87 MiB / 112.87 MiB [-------------------------------------------->] 100.00% 99.38 MiB p/s ETA 0s112.87 MiB / 112.87 MiB [-------------------------------------------->] 100.00% 99.38 MiB p/s ETA 0s112.87 MiB / 112.87 MiB [-------------------------------------------->] 100.00% 99.38 MiB p/s ETA 0s112.87 MiB / 112.87 MiB [-------------------------------------------->] 100.00% 92.97 MiB p/s ETA 0s112.87 MiB / 112.87 MiB [-------------------------------------------->] 100.00% 92.97 MiB p/s ETA 0s112.87 MiB / 112.87 MiB [-------------------------------------------->] 100.00% 92.97 MiB p/s ETA 0s112.87 MiB / 112.87 MiB [-------------------------------------------->] 100.00% 86.97 MiB p/s ETA 0s112.87 MiB / 112.87 MiB [-----------------------------------------------] 100.00% 16.68 MiB p/s 7.0s2026-09-12T11:12:23Z	INFO	[vulndb] Artifact successfully downloaded	repo="mirror.gcr.io/aquasec/trivy-db:2"
2026-09-12T11:12:23Z	INFO	[vuln] Vulnerability scanning is enabled
2026-09-12T11:12:23Z	WARN	Third-party SBOM may lead to inaccurate vulnerability detection
2026-09-12T11:12:23Z	WARN	Recommend using Trivy to generate SBOMs
2026-09-12T11:12:23Z	INFO	Detected OS	family="debian" version="13.6"
2026-09-12T11:12:23Z	INFO	[debian] Detecting vulnerabilities...	os_version="13" pkg_num=57
2026-09-12T11:12:23Z	INFO	Number of language-specific files	num=1
2026-09-12T11:12:23Z	INFO	[gobinary] Detecting vulnerabilities...
2026-09-12T11:12:23Z	WARN	Using severities from other vendors for some vulnerabilities. Read https://trivy.dev/docs/v0.74/guide/scanner/vulnerability#severity-selection for details.
